Category: 📺央视频道, Name: CCTV1, Total: 38, Valid: 35, Valid Percent: 92.11%, Whitelist: 3, IPv4: 35, IPv6: 0, Min Delay: 356 ms, Max Speed: 1.34 M/s, Avg Speed: 0.49 M/s, Max Resolution: 1920x1080
Category: 📺央视频道, Name: CCTV2, Total: 12, Valid: 12, Valid Percent: 100.00%, Whitelist: 0, IPv4: 12, IPv6: 0, Min Delay: 356 ms, Max Speed: 1.34 M/s, Avg Speed: 0.54 M/s, Max Resolution: 1920x1080
Category: 📺央视频道, Name: CCTV3, Total: 12, Valid: 12, Valid Percent: 100.00%, Whitelist: 0, IPv4: 12, IPv6: 0, Min Delay: 356 ms, Max Speed: 1.34 M/s, Avg Speed: 0.54 M/s, Max Resolution: 1920x1080
Category: 📺央视频道, Name: CCTV4, Total: 23, Valid: 15, Valid Percent: 65.22%, Whitelist: 0, IPv4: 23, IPv6: 0, Min Delay: 356 ms, Max Speed: 1.34 M/s, Avg Speed: 0.44 M/s, Max Resolution: 1920x1080
Category: 📺央视频道, Name: CCTV5, Total: 17, Valid: 14, Valid Percent: 82.35%, Whitelist: 0, IPv4: 17, IPv6: 0, Min Delay: 281 ms, Max Speed: 5.58 M/s, Avg Speed: 1.26 M/s, Max Resolution: 1920x1080
Category: 📺央视频道, Name: CCTV5+, Total: 20, Valid: 16, Valid Percent: 80.00%, Whitelist: 0, IPv4: 20, IPv6: 0, Min Delay: 356 ms, Max Speed: 1.34 M/s, Avg Speed: 0.57 M/s, Max Resolution: 1920x1080
Category: 📺央视频道, Name: CCTV6, Total: 21, Valid: 18, Valid Percent: 85.71%, Whitelist: 0, IPv4: 21, IPv6: 0, Min Delay: 356 ms, Max Speed: 2.17 M/s, Avg Speed: 0.70 M/s, Max Resolution: 1920x1080
Category: 📺央视频道, Name: CCTV7, Total: 20, Valid: 18, Valid Percent: 90.00%, Whitelist: 0, IPv4: 20, IPv6: 0, Min Delay: 356 ms, Max Speed: 2.17 M/s, Avg Speed: 0.65 M/s, Max Resolution: 1920x1080
Category: 📺央视频道, Name: CCTV8, Total: 23, Valid: 19, Valid Percent: 82.61%, Whitelist: 0, IPv4: 23, IPv6: 0, Min Delay: 356 ms, Max Speed: 2.17 M/s, Avg Speed: 0.71 M/s, Max Resolution: 1920x1080
Category: 📺央视频道, Name: CCTV9, Total: 22, Valid: 19, Valid Percent: 86.36%, Whitelist: 0, IPv4: 22, IPv6: 0, Min Delay: 356 ms, Max Speed: 2.17 M/s, Avg Speed: 0.62 M/s, Max Resolution: 1920x1080
Category: 📺央视频道, Name: CCTV10, Total: 27, Valid: 24, Valid Percent: 88.89%, Whitelist: 0, IPv4: 27, IPv6: 0, Min Delay: 356 ms, Max Speed: 1.34 M/s, Avg Speed: 0.44 M/s, Max Resolution: 1920x1080
Category: 📺央视频道, Name: CCTV11, Total: 21, Valid: 18, Valid Percent: 85.71%, Whitelist: 0, IPv4: 21, IPv6: 0, Min Delay: 356 ms, Max Speed: 1.34 M/s, Avg Speed: 0.54 M/s, Max Resolution: 1920x1080
Category: 📺央视频道, Name: CCTV12, Total: 26, Valid: 23, Valid Percent: 88.46%, Whitelist: 0, IPv4: 26, IPv6: 0, Min Delay: 356 ms, Max Speed: 2.17 M/s, Avg Speed: 0.58 M/s, Max Resolution: 1920x1080
Category: 📺央视频道, Name: CCTV13, Total: 22, Valid: 18, Valid Percent: 81.82%, Whitelist: 0, IPv4: 22, IPv6: 0, Min Delay: 356 ms, Max Speed: 1.34 M/s, Avg Speed: 0.54 M/s, Max Resolution: 1920x1080
Category: 📺央视频道, Name: CCTV14, Total: 31, Valid: 28, Valid Percent: 90.32%, Whitelist: 0, IPv4: 31, IPv6: 0, Min Delay: 206 ms, Max Speed: 7.77 M/s, Avg Speed: 1.84 M/s, Max Resolution: 1920x1080
Category: 📺央视频道, Name: CCTV15, Total: 27, Valid: 24, Valid Percent: 88.89%, Whitelist: 0, IPv4: 27, IPv6: 0, Min Delay: 206 ms, Max Speed: 7.77 M/s, Avg Speed: 2.42 M/s, Max Resolution: 1920x1080
Category: 📺央视频道, Name: CCTV16, Total: 20, Valid: 15, Valid Percent: 75.00%, Whitelist: 0, IPv4: 20, IPv6: 0, Min Delay: 206 ms, Max Speed: 7.77 M/s, Avg Speed: 3.87 M/s, Max Resolution: 1920x1080
Category: 📺央视频道, Name: CCTV17, Total: 30, Valid: 28, Valid Percent: 93.33%, Whitelist: 0, IPv4: 30, IPv6: 0, Min Delay: 206 ms, Max Speed: 7.77 M/s, Avg Speed: 2.08 M/s, Max Resolution: 1920x1080
Category: 📺央视频道, Name: CCTV4K, Total: 12, Valid: 10, Valid Percent: 83.33%, Whitelist: 0, IPv4: 12, IPv6: 0, Min Delay: 206 ms, Max Speed: 7.77 M/s, Avg Speed: 2.62 M/s, Max Resolution: 3840x2160
Category: 📺央视频道, Name: CETV1, Total: 29, Valid: 25, Valid Percent: 86.21%, Whitelist: 2, IPv4: 27, IPv6: 0, Min Delay: 206 ms, Max Speed: 7.77 M/s, Avg Speed: 2.48 M/s, Max Resolution: 1920x1080
Category: 📺央视频道, Name: CETV2, Total: 10, Valid: 8, Valid Percent: 80.00%, Whitelist: 2, IPv4: 8, IPv6: 0, Min Delay: 206 ms, Max Speed: 7.77 M/s, Avg Speed: 2.32 M/s, Max Resolution: 1920x1080
Category: 📺央视频道, Name: CETV4, Total: 19, Valid: 15, Valid Percent: 78.95%, Whitelist: 2, IPv4: 17, IPv6: 0, Min Delay: 206 ms, Max Speed: 8.96 M/s, Avg Speed: 3.64 M/s, Max Resolution: 1920x1080
Category: 💰央视付费频道, Name: 文化精品, Total: 9, Valid: 8, Valid Percent: 88.89%, Whitelist: 0, IPv4: 9, IPv6: 0, Min Delay: 206 ms, Max Speed: 7.77 M/s, Avg Speed: 2.58 M/s, Max Resolution: 1920x1080
Category: 💰央视付费频道, Name: 央视台球, Total: 8, Valid: 7, Valid Percent: 87.50%, Whitelist: 0, IPv4: 8, IPv6: 0, Min Delay: 206 ms, Max Speed: 8.96 M/s, Avg Speed: 3.84 M/s, Max Resolution: 1920x1080
Category: 💰央视付费频道, Name: 风云音乐, Total: 12, Valid: 11, Valid Percent: 91.67%, Whitelist: 0, IPv4: 12, IPv6: 0, Min Delay: 206 ms, Max Speed: 8.96 M/s, Avg Speed: 4.62 M/s, Max Resolution: 1920x1080
Category: 💰央视付费频道, Name: 第一剧场, Total: 12, Valid: 11, Valid Percent: 91.67%, Whitelist: 0, IPv4: 12, IPv6: 0, Min Delay: 206 ms, Max Speed: 8.96 M/s, Avg Speed: 2.73 M/s, Max Resolution: 1920x1080
Category: 💰央视付费频道, Name: 风云剧场, Total: 11, Valid: 10, Valid Percent: 90.91%, Whitelist: 0, IPv4: 11, IPv6: 0, Min Delay: 206 ms, Max Speed: 8.96 M/s, Avg Speed: 4.30 M/s, Max Resolution: 1920x1080
Category: 💰央视付费频道, Name: 怀旧剧场, Total: 12, Valid: 11, Valid Percent: 91.67%, Whitelist: 0, IPv4: 12, IPv6: 0, Min Delay: 206 ms, Max Speed: 8.96 M/s, Avg Speed: 4.11 M/s, Max Resolution: 1920x1080
Category: 💰央视付费频道, Name: 女性时尚, Total: 11, Valid: 10, Valid Percent: 90.91%, Whitelist: 0, IPv4: 11, IPv6: 0, Min Delay: 206 ms, Max Speed: 11.35 M/s, Avg Speed: 5.02 M/s, Max Resolution: 1920x1080
Category: 💰央视付费频道, Name: 高尔夫网球, Total: 8, Valid: 7, Valid Percent: 87.50%, Whitelist: 0, IPv4: 8, IPv6: 0, Min Delay: 206 ms, Max Speed: 8.96 M/s, Avg Speed: 3.04 M/s, Max Resolution: 1920x1080
Category: 💰央视付费频道, Name: 风云足球, Total: 12, Valid: 11, Valid Percent: 91.67%, Whitelist: 0, IPv4: 12, IPv6: 0, Min Delay: 206 ms, Max Speed: 11.35 M/s, Avg Speed: 4.94 M/s, Max Resolution: 1920x1080
Category: 💰央视付费频道, Name: 电视指南, Total: 8, Valid: 7, Valid Percent: 87.50%, Whitelist: 0, IPv4: 8, IPv6: 0, Min Delay: 206 ms, Max Speed: 7.77 M/s, Avg Speed: 2.64 M/s, Max Resolution: 1920x1080
Category: 💰央视付费频道, Name: 世界地理, Total: 10, Valid: 9, Valid Percent: 90.00%, Whitelist: 0, IPv4: 10, IPv6: 0, Min Delay: 206 ms, Max Speed: 11.35 M/s, Avg Speed: 4.31 M/s, Max Resolution: 1920x1080
Category: 💰央视付费频道, Name: 兵器科技, Total: 10, Valid: 9, Valid Percent: 90.00%, Whitelist: 0, IPv4: 10, IPv6: 0, Min Delay: 206 ms, Max Speed: 11.35 M/s, Avg Speed: 4.31 M/s, Max Resolution: 1920x1080
Category: 💰央视付费频道, Name: CHC影迷电影, Total: 14, Valid: 10, Valid Percent: 71.43%, Whitelist: 2, IPv4: 12, IPv6: 0, Min Delay: 206 ms, Max Speed: 8.96 M/s, Avg Speed: 4.36 M/s, Max Resolution: 1920x1080
Category: 💰央视付费频道, Name: CHC动作电影, Total: 15, Valid: 11, Valid Percent: 73.33%, Whitelist: 2, IPv4: 13, IPv6: 0, Min Delay: 206 ms, Max Speed: 7.77 M/s, Avg Speed: 4.56 M/s, Max Resolution: 1920x1080
Category: 💰央视付费频道, Name: CHC家庭影院, Total: 16, Valid: 12, Valid Percent: 75.00%, Whitelist: 2, IPv4: 14, IPv6: 0, Min Delay: 206 ms, Max Speed: 7.77 M/s, Avg Speed: 4.83 M/s, Max Resolution: 1920x1080
Category: 💰央视付费频道, Name: 书画频道, Total: 3, Valid: 3, Valid Percent: 100.00%, Whitelist: 0, IPv4: 3, IPv6: 0, Min Delay: 206 ms, Max Speed: 7.77 M/s, Avg Speed: 5.38 M/s, Max Resolution: 1920x1080
Category: 💰央视付费频道, Name: 中国天气, Total: 9, Valid: 5, Valid Percent: 55.56%, Whitelist: 2, IPv4: 7, IPv6: 0, Min Delay: 206 ms, Max Speed: 7.77 M/s, Avg Speed: 6.33 M/s, Max Resolution: 1920x1080
Category: 💰央视付费频道, Name: 新视觉, Total: 2, Valid: 2, Valid Percent: 100.00%, Whitelist: 0, IPv4: 2, IPv6: 0, Min Delay: 206 ms, Max Speed: 7.77 M/s, Avg Speed: 7.77 M/s, Max Resolution: 1920x1080
Category: 📡特色频道, Name: 北京卫视4K超高清, Total: 39, Valid: 36, Valid Percent: 92.31%, Whitelist: 0, IPv4: 39, IPv6: 0, Min Delay: 37 ms, Max Speed: 11.35 M/s, Avg Speed: 2.50 M/s, Max Resolution: 3840x2160
Category: 📡特色频道, Name: 梨园频道, Total: 13, Valid: 9, Valid Percent: 69.23%, Whitelist: 2, IPv4: 11, IPv6: 0, Min Delay: 206 ms, Max Speed: 7.77 M/s, Avg Speed: 2.29 M/s, Max Resolution: 1920x1080
Category: 📡特色频道, Name: 华数爱上4K, Total: 2, Valid: 2, Valid Percent: 100.00%, Whitelist: 0, IPv4: 2, IPv6: 0, Min Delay: 384 ms, Max Speed: 0.56 M/s, Avg Speed: 0.56 M/s, Max Resolution: None
Category: 📡特色频道, Name: 绚影4K, Total: 1, Valid: 1, Valid Percent: 100.00%, Whitelist: 0, IPv4: 1, IPv6: 0, Min Delay: 499 ms, Max Speed: 0.06 M/s, Avg Speed: 0.06 M/s, Max Resolution: 3840x2160
Category: 📡特色频道, Name: 爱上4K, Total: 2, Valid: 2, Valid Percent: 100.00%, Whitelist: 0, IPv4: 2, IPv6: 0, Min Delay: 499 ms, Max Speed: 0.06 M/s, Avg Speed: 0.06 M/s, Max Resolution: 3840x2160
Category: 📡特色频道, Name: 4K乐享超清, Total: 2, Valid: 2, Valid Percent: 100.00%, Whitelist: 0, IPv4: 2, IPv6: 0, Min Delay: 499 ms, Max Speed: 0.06 M/s, Avg Speed: 0.06 M/s, Max Resolution: 3840x2160
Category: 📡特色频道, Name: 华数少儿动画, Total: 4, Valid: 4, Valid Percent: 100.00%, Whitelist: 0, IPv4: 4, IPv6: 0, Min Delay: 378 ms, Max Speed: 0.93 M/s, Avg Speed: 0.42 M/s, Max Resolution: 1920x1080
Category: 📡特色频道, Name: 华数动画, Total: 4, Valid: 4, Valid Percent: 100.00%, Whitelist: 0, IPv4: 4, IPv6: 0, Min Delay: 378 ms, Max Speed: 0.93 M/s, Avg Speed: 0.42 M/s, Max Resolution: 1920x1080
Category: 📡特色频道, Name: 华数喜剧影院, Total: 5, Valid: 5, Valid Percent: 100.00%, Whitelist: 0, IPv4: 5, IPv6: 0, Min Delay: 378 ms, Max Speed: 0.93 M/s, Avg Speed: 0.51 M/s, Max Resolution: 1920x1080
Category: 📡特色频道, Name: 华数动作影院, Total: 5, Valid: 5, Valid Percent: 100.00%, Whitelist: 0, IPv4: 5, IPv6: 0, Min Delay: 378 ms, Max Speed: 0.93 M/s, Avg Speed: 0.51 M/s, Max Resolution: 1920x1080
Category: 📡特色频道, Name: 华数家庭影院, Total: 4, Valid: 4, Valid Percent: 100.00%, Whitelist: 0, IPv4: 4, IPv6: 0, Min Delay: 378 ms, Max Speed: 0.93 M/s, Avg Speed: 0.58 M/s, Max Resolution: 1920x1080
Category: 📡特色频道, Name: 华数星影, Total: 5, Valid: 5, Valid Percent: 100.00%, Whitelist: 0, IPv4: 5, IPv6: 0, Min Delay: 378 ms, Max Speed: 0.93 M/s, Avg Speed: 0.51 M/s, Max Resolution: 1920x1080
Category: 📡特色频道, Name: 华数经典电影, Total: 5, Valid: 5, Valid Percent: 100.00%, Whitelist: 0, IPv4: 5, IPv6: 0, Min Delay: 378 ms, Max Speed: 0.93 M/s, Avg Speed: 0.51 M/s, Max Resolution: 1920x1080
Category: 📡特色频道, Name: 华数热播剧场, Total: 4, Valid: 4, Valid Percent: 100.00%, Whitelist: 0, IPv4: 4, IPv6: 0, Min Delay: 378 ms, Max Speed: 0.93 M/s, Avg Speed: 0.42 M/s, Max Resolution: 1920x1080
Category: 📡特色频道, Name: 华数魅力时尚, Total: 3, Valid: 3, Valid Percent: 100.00%, Whitelist: 0, IPv4: 3, IPv6: 0, Min Delay: 378 ms, Max Speed: 0.93 M/s, Avg Speed: 0.49 M/s, Max Resolution: 1920x1080
Category: 📡特色频道, Name: 华数城市剧场, Total: 3, Valid: 3, Valid Percent: 100.00%, Whitelist: 0, IPv4: 3, IPv6: 0, Min Delay: 378 ms, Max Speed: 0.93 M/s, Avg Speed: 0.49 M/s, Max Resolution: 1920x1080
Category: 📡特色频道, Name: 华数军旅剧场, Total: 4, Valid: 4, Valid Percent: 100.00%, Whitelist: 0, IPv4: 4, IPv6: 0, Min Delay: 378 ms, Max Speed: 0.93 M/s, Avg Speed: 0.58 M/s, Max Resolution: 1920x1080
Category: 📡特色频道, Name: 华数古装剧场, Total: 3, Valid: 3, Valid Percent: 100.00%, Whitelist: 0, IPv4: 3, IPv6: 0, Min Delay: 391 ms, Max Speed: 0.86 M/s, Avg Speed: 0.44 M/s, Max Resolution: 1920x1080
Category: 📡特色频道, Name: 新片放映厅, Total: 2, Valid: 0, Valid Percent: 0.00%, Whitelist: 2, IPv4: 0, IPv6: 0, Min Delay: -1 ms, Max Speed: 0.00 M/s, Avg Speed: 0.00 M/s, Max Resolution: None
Category: 📡特色频道, Name: 重温经典, Total: 8, Valid: 8, Valid Percent: 100.00%, Whitelist: 0, IPv4: 8, IPv6: 0, Min Delay: 206 ms, Max Speed: 7.77 M/s, Avg Speed: 5.11 M/s, Max Resolution: 1920x1080
Category: 📡特色频道, Name: 光影, Total: 2, Valid: 2, Valid Percent: 100.00%, Whitelist: 0, IPv4: 2, IPv6: 0, Min Delay: 439 ms, Max Speed: 0.02 M/s, Avg Speed: 0.02 M/s, Max Resolution: 1920x1080
Category: 📡特色频道, Name: 红色经典, Total: 1, Valid: 1, Valid Percent: 100.00%, Whitelist: 0, IPv4: 1, IPv6: 0, Min Delay: 439 ms, Max Speed: 0.02 M/s, Avg Speed: 0.02 M/s, Max Resolution: 1920x1080
Category: 📡特色频道, Name: 台球, Total: 8, Valid: 7, Valid Percent: 87.50%, Whitelist: 0, IPv4: 8, IPv6: 0, Min Delay: 206 ms, Max Speed: 8.96 M/s, Avg Speed: 3.84 M/s, Max Resolution: 1920x1080
Category: 📡特色频道, Name: 高网, Total: 1, Valid: 1, Valid Percent: 100.00%, Whitelist: 0, IPv4: 1, IPv6: 0, Min Delay: 439 ms, Max Speed: 0.02 M/s, Avg Speed: 0.02 M/s, Max Resolution: 1920x1080
Category: 📡卫视频道, Name: 安徽卫视, Total: 27, Valid: 25, Valid Percent: 92.59%, Whitelist: 0, IPv4: 27, IPv6: 0, Min Delay: 206 ms, Max Speed: 11.35 M/s, Avg Speed: 2.97 M/s, Max Resolution: 1920x1080
Category: 📡卫视频道, Name: 北京卫视, Total: 40, Valid: 35, Valid Percent: 87.50%, Whitelist: 2, IPv4: 38, IPv6: 0, Min Delay: 37 ms, Max Speed: 11.35 M/s, Avg Speed: 2.49 M/s, Max Resolution: 3840x2160
Category: 📡卫视频道, Name: 东方卫视, Total: 34, Valid: 29, Valid Percent: 85.29%, Whitelist: 2, IPv4: 32, IPv6: 0, Min Delay: 206 ms, Max Speed: 11.35 M/s, Avg Speed: 2.34 M/s, Max Resolution: 3840x2160
Category: 📡卫视频道, Name: 东南卫视, Total: 29, Valid: 24, Valid Percent: 82.76%, Whitelist: 2, IPv4: 27, IPv6: 0, Min Delay: 206 ms, Max Speed: 11.35 M/s, Avg Speed: 2.80 M/s, Max Resolution: 1920x1080
Category: 📡卫视频道, Name: 甘肃卫视, Total: 18, Valid: 16, Valid Percent: 88.89%, Whitelist: 0, IPv4: 18, IPv6: 0, Min Delay: 206 ms, Max Speed: 7.77 M/s, Avg Speed: 3.23 M/s, Max Resolution: 1920x1080
Category: 📡卫视频道, Name: 广东卫视, Total: 32, Valid: 27, Valid Percent: 84.38%, Whitelist: 2, IPv4: 30, IPv6: 0, Min Delay: 206 ms, Max Speed: 7.77 M/s, Avg Speed: 2.65 M/s, Max Resolution: 1920x1080
Category: 📡卫视频道, Name: 大湾区卫视, Total: 11, Valid: 9, Valid Percent: 81.82%, Whitelist: 2, IPv4: 9, IPv6: 0, Min Delay: 206 ms, Max Speed: 7.77 M/s, Avg Speed: 4.17 M/s, Max Resolution: 1920x1080
Category: 📡卫视频道, Name: 广西卫视, Total: 25, Valid: 22, Valid Percent: 88.00%, Whitelist: 0, IPv4: 25, IPv6: 0, Min Delay: 206 ms, Max Speed: 11.35 M/s, Avg Speed: 2.99 M/s, Max Resolution: 1920x1080
Category: 📡卫视频道, Name: 贵州卫视, Total: 27, Valid: 24, Valid Percent: 88.89%, Whitelist: 0, IPv4: 27, IPv6: 0, Min Delay: 206 ms, Max Speed: 11.35 M/s, Avg Speed: 3.38 M/s, Max Resolution: 1920x1080
Category: 📡卫视频道, Name: 海南卫视, Total: 26, Valid: 22, Valid Percent: 84.62%, Whitelist: 2, IPv4: 24, IPv6: 0, Min Delay: 206 ms, Max Speed: 7.77 M/s, Avg Speed: 2.44 M/s, Max Resolution: 1920x1080
Category: 📡卫视频道, Name: 河北卫视, Total: 25, Valid: 20, Valid Percent: 80.00%, Whitelist: 2, IPv4: 23, IPv6: 0, Min Delay: 206 ms, Max Speed: 7.77 M/s, Avg Speed: 2.69 M/s, Max Resolution: 1920x1080
Category: 📡卫视频道, Name: 河南卫视, Total: 28, Valid: 23, Valid Percent: 82.14%, Whitelist: 2, IPv4: 26, IPv6: 0, Min Delay: 206 ms, Max Speed: 7.77 M/s, Avg Speed: 2.80 M/s, Max Resolution: 1920x1080
Category: 📡卫视频道, Name: 黑龙江卫视, Total: 28, Valid: 25, Valid Percent: 89.29%, Whitelist: 0, IPv4: 28, IPv6: 0, Min Delay: 206 ms, Max Speed: 7.77 M/s, Avg Speed: 2.79 M/s, Max Resolution: 1920x1080
Category: 📡卫视频道, Name: 湖北卫视, Total: 28, Valid: 23, Valid Percent: 82.14%, Whitelist: 2, IPv4: 26, IPv6: 0, Min Delay: 206 ms, Max Speed: 11.35 M/s, Avg Speed: 2.82 M/s, Max Resolution: 1920x1080
Category: 📡卫视频道, Name: 湖南卫视, Total: 40, Valid: 32, Valid Percent: 80.00%, Whitelist: 0, IPv4: 40, IPv6: 0, Min Delay: 37 ms, Max Speed: 7.77 M/s, Avg Speed: 3.12 M/s, Max Resolution: 1920x1080
Category: 📡卫视频道, Name: 吉林卫视, Total: 25, Valid: 20, Valid Percent: 80.00%, Whitelist: 2, IPv4: 23, IPv6: 0, Min Delay: 206 ms, Max Speed: 7.77 M/s, Avg Speed: 2.66 M/s, Max Resolution: 1920x1080
Category: 📡卫视频道, Name: 江苏卫视, Total: 32, Valid: 26, Valid Percent: 81.25%, Whitelist: 2, IPv4: 30, IPv6: 0, Min Delay: 206 ms, Max Speed: 11.35 M/s, Avg Speed: 2.56 M/s, Max Resolution: 1920x1080
Category: 📡卫视频道, Name: 江西卫视, Total: 29, Valid: 24, Valid Percent: 82.76%, Whitelist: 2, IPv4: 27, IPv6: 0, Min Delay: 206 ms, Max Speed: 11.35 M/s, Avg Speed: 2.79 M/s, Max Resolution: 1920x1080
Category: 📡卫视频道, Name: 辽宁卫视, Total: 31, Valid: 26, Valid Percent: 83.87%, Whitelist: 2, IPv4: 29, IPv6: 0, Min Delay: 206 ms, Max Speed: 11.35 M/s, Avg Speed: 2.58 M/s, Max Resolution: 1920x1080
Category: 📡卫视频道, Name: 内蒙古卫视, Total: 9, Valid: 9, Valid Percent: 100.00%, Whitelist: 0, IPv4: 9, IPv6: 0, Min Delay: 206 ms, Max Speed: 7.77 M/s, Avg Speed: 3.72 M/s, Max Resolution: 1920x1080
Category: 📡卫视频道, Name: 宁夏卫视, Total: 14, Valid: 12, Valid Percent: 85.71%, Whitelist: 2, IPv4: 12, IPv6: 0, Min Delay: 206 ms, Max Speed: 7.77 M/s, Avg Speed: 4.13 M/s, Max Resolution: 1920x1080
Category: 📡卫视频道, Name: 青海卫视, Total: 21, Valid: 18, Valid Percent: 85.71%, Whitelist: 2, IPv4: 19, IPv6: 0, Min Delay: 206 ms, Max Speed: 7.77 M/s, Avg Speed: 2.11 M/s, Max Resolution: 1920x1080
Category: 📡卫视频道, Name: 三沙卫视, Total: 15, Valid: 11, Valid Percent: 73.33%, Whitelist: 2, IPv4: 13, IPv6: 0, Min Delay: 206 ms, Max Speed: 7.77 M/s, Avg Speed: 4.45 M/s, Max Resolution: 1920x1080
Category: 📡卫视频道, Name: 山东卫视, Total: 29, Valid: 26, Valid Percent: 89.66%, Whitelist: 0, IPv4: 29, IPv6: 0, Min Delay: 206 ms, Max Speed: 11.35 M/s, Avg Speed: 2.59 M/s, Max Resolution: 1920x1080
Category: 📡卫视频道, Name: 山西卫视, Total: 13, Valid: 13, Valid Percent: 100.00%, Whitelist: 0, IPv4: 13, IPv6: 0, Min Delay: 206 ms, Max Speed: 7.77 M/s, Avg Speed: 2.67 M/s, Max Resolution: 1920x1080
Category: 📡卫视频道, Name: 陕西卫视, Total: 19, Valid: 16, Valid Percent: 84.21%, Whitelist: 2, IPv4: 17, IPv6: 0, Min Delay: 206 ms, Max Speed: 11.35 M/s, Avg Speed: 3.84 M/s, Max Resolution: 1920x1080
Category: 📡卫视频道, Name: 深圳卫视, Total: 34, Valid: 32, Valid Percent: 94.12%, Whitelist: 0, IPv4: 34, IPv6: 0, Min Delay: 206 ms, Max Speed: 11.35 M/s, Avg Speed: 2.68 M/s, Max Resolution: 3840x2160
Category: 📡卫视频道, Name: 四川卫视, Total: 25, Valid: 22, Valid Percent: 88.00%, Whitelist: 0, IPv4: 25, IPv6: 0, Min Delay: 206 ms, Max Speed: 7.77 M/s, Avg Speed: 2.48 M/s, Max Resolution: 1920x1080
Category: 📡卫视频道, Name: 天津卫视, Total: 26, Valid: 23, Valid Percent: 88.46%, Whitelist: 0, IPv4: 26, IPv6: 0, Min Delay: 206 ms, Max Speed: 11.35 M/s, Avg Speed: 2.82 M/s, Max Resolution: 1920x1080
Category: 📡卫视频道, Name: 西藏卫视, Total: 14, Valid: 13, Valid Percent: 92.86%, Whitelist: 1, IPv4: 13, IPv6: 0, Min Delay: 206 ms, Max Speed: 7.77 M/s, Avg Speed: 3.85 M/s, Max Resolution: 1920x1080
Category: 📡卫视频道, Name: 新疆卫视, Total: 16, Valid: 16, Valid Percent: 100.00%, Whitelist: 0, IPv4: 16, IPv6: 0, Min Delay: 206 ms, Max Speed: 7.77 M/s, Avg Speed: 3.23 M/s, Max Resolution: 1920x1080
Category: 📡卫视频道, Name: 云南卫视, Total: 20, Valid: 18, Valid Percent: 90.00%, Whitelist: 0, IPv4: 20, IPv6: 0, Min Delay: 206 ms, Max Speed: 11.35 M/s, Avg Speed: 2.71 M/s, Max Resolution: 1920x1080
Category: 📡卫视频道, Name: 浙江卫视, Total: 30, Valid: 28, Valid Percent: 93.33%, Whitelist: 0, IPv4: 30, IPv6: 0, Min Delay: 206 ms, Max Speed: 11.35 M/s, Avg Speed: 2.50 M/s, Max Resolution: 1920x1080
Category: 📡卫视频道, Name: 重庆卫视, Total: 32, Valid: 27, Valid Percent: 84.38%, Whitelist: 2, IPv4: 30, IPv6: 0, Min Delay: 206 ms, Max Speed: 11.35 M/s, Avg Speed: 2.51 M/s, Max Resolution: 1920x1080
Category: 📡卫视频道, Name: 凤凰中文, Total: 7, Valid: 4, Valid Percent: 57.14%, Whitelist: 0, IPv4: 7, IPv6: 0, Min Delay: 311 ms, Max Speed: 0.29 M/s, Avg Speed: 0.21 M/s, Max Resolution: 1920x1080
Category: 📡卫视频道, Name: 凤凰资讯, Total: 6, Valid: 4, Valid Percent: 66.67%, Whitelist: 2, IPv4: 4, IPv6: 0, Min Delay: 281 ms, Max Speed: 5.58 M/s, Avg Speed: 1.55 M/s, Max Resolution: 1280x720
Category: 📡卫视频道, Name: 星空卫视, Total: 2, Valid: 2, Valid Percent: 100.00%, Whitelist: 0, IPv4: 2, IPv6: 0, Min Delay: 206 ms, Max Speed: 7.77 M/s, Avg Speed: 7.77 M/s, Max Resolution: 1920x1080
Category: #虎牙, Name: 电影_武侠, Total: 2, Valid: 2, Valid Percent: 100.00%, Whitelist: 0, IPv4: 2, IPv6: 0, Min Delay: 330 ms, Max Speed: 0.28 M/s, Avg Speed: 0.28 M/s, Max Resolution: 1280x720
Category: #虎牙, Name: 电影_玄幻, Total: 1, Valid: 1, Valid Percent: 100.00%, Whitelist: 0, IPv4: 1, IPv6: 0, Min Delay: 330 ms, Max Speed: 0.28 M/s, Avg Speed: 0.28 M/s, Max Resolution: 1280x720
Category: #虎牙, Name: 电影_国产, Total: 1, Valid: 1, Valid Percent: 100.00%, Whitelist: 0, IPv4: 1, IPv6: 0, Min Delay: 330 ms, Max Speed: 0.28 M/s, Avg Speed: 0.28 M/s, Max Resolution: 1280x720
Category: #虎牙, Name: 电影_洪金宝, Total: 1, Valid: 1, Valid Percent: 100.00%, Whitelist: 0, IPv4: 1, IPv6: 0, Min Delay: 330 ms, Max Speed: 0.28 M/s, Avg Speed: 0.28 M/s, Max Resolution: 1280x720
Category: #虎牙, Name: 电影_斯坦森, Total: 1, Valid: 1, Valid Percent: 100.00%, Whitelist: 0, IPv4: 1, IPv6: 0, Min Delay: 330 ms, Max Speed: 0.28 M/s, Avg Speed: 0.28 M/s, Max Resolution: 1280x720
Category: #虎牙, Name: 电影_功夫片, Total: 1, Valid: 1, Valid Percent: 100.00%, Whitelist: 0, IPv4: 1, IPv6: 0, Min Delay: 330 ms, Max Speed: 0.28 M/s, Avg Speed: 0.28 M/s, Max Resolution: 1280x720
Category: #虎牙, Name: 电影_高分动作, Total: 1, Valid: 1, Valid Percent: 100.00%, Whitelist: 0, IPv4: 1, IPv6: 0, Min Delay: 330 ms, Max Speed: 0.28 M/s, Avg Speed: 0.28 M/s, Max Resolution: 1280x720
Category: #虎牙, Name: 电影_欢笑影院, Total: 1, Valid: 1, Valid Percent: 100.00%, Whitelist: 0, IPv4: 1, IPv6: 0, Min Delay: 330 ms, Max Speed: 0.28 M/s, Avg Speed: 0.28 M/s, Max Resolution: 1280x720
Category: #虎牙, Name: 电影_不挤影院, Total: 1, Valid: 1, Valid Percent: 100.00%, Whitelist: 0, IPv4: 1, IPv6: 0, Min Delay: 330 ms, Max Speed: 0.28 M/s, Avg Speed: 0.28 M/s, Max Resolution: 1280x720
Category: #虎牙, Name: 电影_国产悬疑, Total: 1, Valid: 1, Valid Percent: 100.00%, Whitelist: 0, IPv4: 1, IPv6: 0, Min Delay: 330 ms, Max Speed: 0.28 M/s, Avg Speed: 0.28 M/s, Max Resolution: 1280x720
Category: #虎牙, Name: 电影_黑帮斗争, Total: 1, Valid: 1, Valid Percent: 100.00%, Whitelist: 0, IPv4: 1, IPv6: 0, Min Delay: 330 ms, Max Speed: 0.28 M/s, Avg Speed: 0.28 M/s, Max Resolution: 1280x720
Category: #虎牙, Name: 电影_许氏三杰, Total: 1, Valid: 1, Valid Percent: 100.00%, Whitelist: 0, IPv4: 1, IPv6: 0, Min Delay: 330 ms, Max Speed: 0.28 M/s, Avg Speed: 0.28 M/s, Max Resolution: 1280x720
Category: #虎牙, Name: 电影_喜乐影院, Total: 1, Valid: 1, Valid Percent: 100.00%, Whitelist: 0, IPv4: 1, IPv6: 0, Min Delay: 330 ms, Max Speed: 0.28 M/s, Avg Speed: 0.28 M/s, Max Resolution: 1280x720
Category: #虎牙, Name: 剧集_老三国, Total: 1, Valid: 1, Valid Percent: 100.00%, Whitelist: 0, IPv4: 1, IPv6: 0, Min Delay: 330 ms, Max Speed: 0.28 M/s, Avg Speed: 0.28 M/s, Max Resolution: 1280x720
Category: #虎牙, Name: 情满四合院, Total: 2, Valid: 2, Valid Percent: 100.00%, Whitelist: 0, IPv4: 2, IPv6: 0, Min Delay: 330 ms, Max Speed: 0.28 M/s, Avg Speed: 0.28 M/s, Max Resolution: 1280x720
Category: #虎牙, Name: 西游记, Total: 1, Valid: 1, Valid Percent: 100.00%, Whitelist: 0, IPv4: 1, IPv6: 0, Min Delay: 281 ms, Max Speed: 5.58 M/s, Avg Speed: 5.58 M/s, Max Resolution: 1280x720
Category: #虎牙, Name: 西游记2, Total: 2, Valid: 2, Valid Percent: 100.00%, Whitelist: 0, IPv4: 2, IPv6: 0, Min Delay: 330 ms, Max Speed: 0.28 M/s, Avg Speed: 0.28 M/s, Max Resolution: 1280x720
Category: #虎牙, Name: 笑看风云, Total: 2, Valid: 2, Valid Percent: 100.00%, Whitelist: 0, IPv4: 2, IPv6: 0, Min Delay: 330 ms, Max Speed: 0.28 M/s, Avg Speed: 0.28 M/s, Max Resolution: 1280x720
Category: #虎牙, Name: 陀枪师姐, Total: 2, Valid: 2, Valid Percent: 100.00%, Whitelist: 0, IPv4: 2, IPv6: 0, Min Delay: 330 ms, Max Speed: 0.28 M/s, Avg Speed: 0.28 M/s, Max Resolution: 1280x720
Category: #虎牙, Name: 刑事侦缉档案, Total: 1, Valid: 1, Valid Percent: 100.00%, Whitelist: 0, IPv4: 1, IPv6: 0, Min Delay: 330 ms, Max Speed: 0.28 M/s, Avg Speed: 0.28 M/s, Max Resolution: 1280x720
Category: #虎牙, Name: 妙手仁心, Total: 2, Valid: 2, Valid Percent: 100.00%, Whitelist: 0, IPv4: 2, IPv6: 0, Min Delay: 330 ms, Max Speed: 0.28 M/s, Avg Speed: 0.28 M/s, Max Resolution: 1280x720
Category: #虎牙, Name: 扫黄先锋, Total: 2, Valid: 2, Valid Percent: 100.00%, Whitelist: 0, IPv4: 2, IPv6: 0, Min Delay: 330 ms, Max Speed: 0.28 M/s, Avg Speed: 0.28 M/s, Max Resolution: 1280x720
Category: #虎牙, Name: 洗冤录, Total: 2, Valid: 2, Valid Percent: 100.00%, Whitelist: 0, IPv4: 2, IPv6: 0, Min Delay: 330 ms, Max Speed: 0.28 M/s, Avg Speed: 0.28 M/s, Max Resolution: 1280x720
Category: #虎牙, Name: 封神榜, Total: 3, Valid: 3, Valid Percent: 100.00%, Whitelist: 0, IPv4: 3, IPv6: 0, Min Delay: 330 ms, Max Speed: 0.28 M/s, Avg Speed: 0.28 M/s, Max Resolution: 1280x720
Category: #虎牙, Name: 楚汉骄雄, Total: 2, Valid: 2, Valid Percent: 100.00%, Whitelist: 0, IPv4: 2, IPv6: 0, Min Delay: 330 ms, Max Speed: 0.28 M/s, Avg Speed: 0.28 M/s, Max Resolution: 1280x720
Category: #虎牙, Name: 金枝欲孽, Total: 1, Valid: 1, Valid Percent: 100.00%, Whitelist: 0, IPv4: 1, IPv6: 0, Min Delay: 330 ms, Max Speed: 0.28 M/s, Avg Speed: 0.28 M/s, Max Resolution: 1280x720
Category: #虎牙, Name: 大唐双龙传, Total: 2, Valid: 2, Valid Percent: 100.00%, Whitelist: 0, IPv4: 2, IPv6: 0, Min Delay: 330 ms, Max Speed: 0.28 M/s, Avg Speed: 0.28 M/s, Max Resolution: 1280x720
Category: #虎牙, Name: 天龙八部, Total: 2, Valid: 2, Valid Percent: 100.00%, Whitelist: 0, IPv4: 2, IPv6: 0, Min Delay: 330 ms, Max Speed: 0.28 M/s, Avg Speed: 0.28 M/s, Max Resolution: 1280x720
Category: #斗鱼, Name: 周星驰, Total: 1, Valid: 1, Valid Percent: 100.00%, Whitelist: 0, IPv4: 1, IPv6: 0, Min Delay: 330 ms, Max Speed: 0.28 M/s, Avg Speed: 0.28 M/s, Max Resolution: 1280x720
Category: #斗鱼, Name: 刘德华, Total: 1, Valid: 1, Valid Percent: 100.00%, Whitelist: 0, IPv4: 1, IPv6: 0, Min Delay: 330 ms, Max Speed: 0.28 M/s, Avg Speed: 0.28 M/s, Max Resolution: 1280x720
Category: #斗鱼, Name: 好先生, Total: 3, Valid: 3, Valid Percent: 100.00%, Whitelist: 0, IPv4: 3, IPv6: 0, Min Delay: 330 ms, Max Speed: 0.28 M/s, Avg Speed: 0.25 M/s, Max Resolution: 1280x720
Category: #斗鱼, Name: 庆余年, Total: 1, Valid: 1, Valid Percent: 100.00%, Whitelist: 0, IPv4: 1, IPv6: 0, Min Delay: 330 ms, Max Speed: 0.28 M/s, Avg Speed: 0.28 M/s, Max Resolution: 1280x720
Category: #斗鱼, Name: 恐怖电影, Total: 1, Valid: 1, Valid Percent: 100.00%, Whitelist: 0, IPv4: 1, IPv6: 0, Min Delay: 330 ms, Max Speed: 0.28 M/s, Avg Speed: 0.28 M/s, Max Resolution: 1280x720
Category: #斗鱼, Name: 金庸武侠, Total: 1, Valid: 1, Valid Percent: 100.00%, Whitelist: 0, IPv4: 1, IPv6: 0, Min Delay: 330 ms, Max Speed: 0.28 M/s, Avg Speed: 0.28 M/s, Max Resolution: 1280x720
Category: #斗鱼, Name: 爱情公寓, Total: 1, Valid: 1, Valid Percent: 100.00%, Whitelist: 0, IPv4: 1, IPv6: 0, Min Delay: 330 ms, Max Speed: 0.28 M/s, Avg Speed: 0.28 M/s, Max Resolution: 1280x720
Category: #斗鱼, Name: 雍正王朝, Total: 2, Valid: 2, Valid Percent: 100.00%, Whitelist: 0, IPv4: 2, IPv6: 0, Min Delay: 330 ms, Max Speed: 0.28 M/s, Avg Speed: 0.28 M/s, Max Resolution: 1280x720
Category: #斗鱼, Name: 音乐欣赏, Total: 2, Valid: 2, Valid Percent: 100.00%, Whitelist: 0, IPv4: 2, IPv6: 0, Min Delay: 5488 ms, Max Speed: 0.32 M/s, Avg Speed: 0.32 M/s, Max Resolution: 1280x720
Category: #斗鱼, Name: 小司马解说, Total: 2, Valid: 2, Valid Percent: 100.00%, Whitelist: 0, IPv4: 2, IPv6: 0, Min Delay: 149 ms, Max Speed: 3.28 M/s, Avg Speed: 3.28 M/s, Max Resolution: 1920x1080
Category: ☘️广东频道, Name: 广东珠江, Total: 11, Valid: 11, Valid Percent: 100.00%, Whitelist: 0, IPv4: 11, IPv6: 0, Min Delay: 206 ms, Max Speed: 8.96 M/s, Avg Speed: 5.40 M/s, Max Resolution: 1920x1080
Category: ☘️广东频道, Name: 广东体育, Total: 10, Valid: 10, Valid Percent: 100.00%, Whitelist: 0, IPv4: 10, IPv6: 0, Min Delay: 195 ms, Max Speed: 8.96 M/s, Avg Speed: 5.50 M/s, Max Resolution: 1920x1080
Category: ☘️广东频道, Name: 广东新闻, Total: 15, Valid: 15, Valid Percent: 100.00%, Whitelist: 0, IPv4: 15, IPv6: 0, Min Delay: 195 ms, Max Speed: 8.96 M/s, Avg Speed: 5.80 M/s, Max Resolution: 1920x1080
Category: ☘️广东频道, Name: 广东卫视, Total: 32, Valid: 27, Valid Percent: 84.38%, Whitelist: 2, IPv4: 30, IPv6: 0, Min Delay: 206 ms, Max Speed: 7.77 M/s, Avg Speed: 2.65 M/s, Max Resolution: 1920x1080
Category: ☘️广东频道, Name: 广东民生, Total: 5, Valid: 5, Valid Percent: 100.00%, Whitelist: 0, IPv4: 5, IPv6: 0, Min Delay: 206 ms, Max Speed: 7.77 M/s, Avg Speed: 7.09 M/s, Max Resolution: 1920x1080
Category: ☘️广东频道, Name: 大湾区卫视, Total: 9, Valid: 7, Valid Percent: 77.78%, Whitelist: 2, IPv4: 7, IPv6: 0, Min Delay: 206 ms, Max Speed: 7.77 M/s, Avg Speed: 5.30 M/s, Max Resolution: 1920x1080
Category: ☘️广东频道, Name: 广州综合, Total: 10, Valid: 10, Valid Percent: 100.00%, Whitelist: 0, IPv4: 10, IPv6: 0, Min Delay: 206 ms, Max Speed: 7.77 M/s, Avg Speed: 3.26 M/s, Max Resolution: 1920x1080
Category: ☘️广东频道, Name: 广州影视, Total: 2, Valid: 2, Valid Percent: 100.00%, Whitelist: 0, IPv4: 2, IPv6: 0, Min Delay: 206 ms, Max Speed: 7.77 M/s, Avg Speed: 7.77 M/s, Max Resolution: 1920x1080
Category: ☘️广东频道, Name: 江门综合, Total: 4, Valid: 4, Valid Percent: 100.00%, Whitelist: 0, IPv4: 4, IPv6: 0, Min Delay: 206 ms, Max Speed: 7.77 M/s, Avg Speed: 7.77 M/s, Max Resolution: 1920x1080
Category: ☘️广东频道, Name: 江门侨乡生活, Total: 4, Valid: 4, Valid Percent: 100.00%, Whitelist: 0, IPv4: 4, IPv6: 0, Min Delay: 206 ms, Max Speed: 7.77 M/s, Avg Speed: 7.77 M/s, Max Resolution: 1920x1080
Category: ☘️广东频道, Name: 佛山综合, Total: 4, Valid: 4, Valid Percent: 100.00%, Whitelist: 0, IPv4: 4, IPv6: 0, Min Delay: 206 ms, Max Speed: 7.77 M/s, Avg Speed: 7.77 M/s, Max Resolution: 1920x1080
Category: ☘️广东频道, Name: 深圳卫视, Total: 34, Valid: 32, Valid Percent: 94.12%, Whitelist: 0, IPv4: 34, IPv6: 0, Min Delay: 206 ms, Max Speed: 11.35 M/s, Avg Speed: 2.68 M/s, Max Resolution: 3840x2160
Category: ☘️广东频道, Name: 汕头综合, Total: 4, Valid: 4, Valid Percent: 100.00%, Whitelist: 0, IPv4: 4, IPv6: 0, Min Delay: 206 ms, Max Speed: 7.77 M/s, Avg Speed: 7.77 M/s, Max Resolution: 1920x1080
Category: ☘️广东频道, Name: 茂名综合, Total: 2, Valid: 2, Valid Percent: 100.00%, Whitelist: 0, IPv4: 2, IPv6: 0, Min Delay: 206 ms, Max Speed: 7.77 M/s, Avg Speed: 7.77 M/s, Max Resolution: 1920x1080
Category: ☘️浙江频道, Name: 浙江钱江, Total: 3, Valid: 3, Valid Percent: 100.00%, Whitelist: 0, IPv4: 3, IPv6: 0, Min Delay: 2248 ms, Max Speed: 0.82 M/s, Avg Speed: 0.82 M/s, Max Resolution: 1920x1080
Category: ☘️浙江频道, Name: 浙江钱江都市, Total: 1, Valid: 1, Valid Percent: 100.00%, Whitelist: 0, IPv4: 1, IPv6: 0, Min Delay: 2248 ms, Max Speed: 0.82 M/s, Avg Speed: 0.82 M/s, Max Resolution: 1920x1080
Category: ☘️浙江频道, Name: 浙江经济生活, Total: 1, Valid: 1, Valid Percent: 100.00%, Whitelist: 0, IPv4: 1, IPv6: 0, Min Delay: 2248 ms, Max Speed: 0.82 M/s, Avg Speed: 0.82 M/s, Max Resolution: 1920x1080
Category: ☘️浙江频道, Name: 浙江新闻, Total: 1, Valid: 0, Valid Percent: 0.00%, Whitelist: 0, IPv4: 1, IPv6: 0, Min Delay: 5421 ms, Max Speed: 0.00 M/s, Avg Speed: 0.00 M/s, Max Resolution: None
Category: ☘️浙江频道, Name: 浙江教科, Total: 2, Valid: 2, Valid Percent: 100.00%, Whitelist: 0, IPv4: 2, IPv6: 0, Min Delay: 1905 ms, Max Speed: 0.95 M/s, Avg Speed: 0.95 M/s, Max Resolution: 1920x1080
Category: ☘️浙江频道, Name: 浙江经济, Total: 1, Valid: 1, Valid Percent: 100.00%, Whitelist: 0, IPv4: 1, IPv6: 0, Min Delay: 2248 ms, Max Speed: 0.82 M/s, Avg Speed: 0.82 M/s, Max Resolution: 1920x1080
Category: ☘️浙江频道, Name: 之江纪录, Total: 1, Valid: 1, Valid Percent: 100.00%, Whitelist: 0, IPv4: 1, IPv6: 0, Min Delay: 2248 ms, Max Speed: 0.82 M/s, Avg Speed: 0.82 M/s, Max Resolution: 1920x1080
Category: ☘️浙江频道, Name: 嘉兴新闻综合, Total: 2, Valid: 2, Valid Percent: 100.00%, Whitelist: 0, IPv4: 2, IPv6: 0, Min Delay: 1274 ms, Max Speed: 0.88 M/s, Avg Speed: 0.88 M/s, Max Resolution: 1920x1080
Category: ☘️浙江频道, Name: 浙江经视, Total: 1, Valid: 1, Valid Percent: 100.00%, Whitelist: 0, IPv4: 1, IPv6: 0, Min Delay: 2248 ms, Max Speed: 0.82 M/s, Avg Speed: 0.82 M/s, Max Resolution: 1920x1080
Category: ☘️浙江频道, Name: 浙江留学, Total: 1, Valid: 1, Valid Percent: 100.00%, Whitelist: 0, IPv4: 1, IPv6: 0, Min Delay: 2248 ms, Max Speed: 0.82 M/s, Avg Speed: 0.82 M/s, Max Resolution: 1920x1080
Category: ☘️浙江频道, Name: 浙江教科影院, Total: 1, Valid: 1, Valid Percent: 100.00%, Whitelist: 0, IPv4: 1, IPv6: 0, Min Delay: 1905 ms, Max Speed: 0.95 M/s, Avg Speed: 0.95 M/s, Max Resolution: 1920x1080
Category: ☘️浙江频道, Name: 浙江教科影视, Total: 1, Valid: 1, Valid Percent: 100.00%, Whitelist: 0, IPv4: 1, IPv6: 0, Min Delay: 1905 ms, Max Speed: 0.95 M/s, Avg Speed: 0.95 M/s, Max Resolution: 1920x1080
Category: ☘️浙江频道, Name: 浙江休闲台, Total: 1, Valid: 1, Valid Percent: 100.00%, Whitelist: 0, IPv4: 1, IPv6: 0, Min Delay: 1905 ms, Max Speed: 0.95 M/s, Avg Speed: 0.95 M/s, Max Resolution: 1920x1080
Category: ☘️浙江频道, Name: 浙江遂昌, Total: 2, Valid: 2, Valid Percent: 100.00%, Whitelist: 0, IPv4: 2, IPv6: 0, Min Delay: 2668 ms, Max Speed: 0.43 M/s, Avg Speed: 0.43 M/s, Max Resolution: 1920x1080
Category: ☘️浙江频道, Name: 诸暨新闻综合, Total: 3, Valid: 3, Valid Percent: 100.00%, Whitelist: 0, IPv4: 3, IPv6: 0, Min Delay: 2668 ms, Max Speed: 0.43 M/s, Avg Speed: 0.43 M/s, Max Resolution: 1920x1080
Category: ☘️浙江频道, Name: 龙游生活娱乐, Total: 1, Valid: 1, Valid Percent: 100.00%, Whitelist: 0, IPv4: 1, IPv6: 0, Min Delay: 2668 ms, Max Speed: 0.43 M/s, Avg Speed: 0.43 M/s, Max Resolution: 1920x1080
Category: ☘️浙江频道, Name: 龙游新闻综合, Total: 2, Valid: 2, Valid Percent: 100.00%, Whitelist: 0, IPv4: 2, IPv6: 0, Min Delay: 2668 ms, Max Speed: 0.43 M/s, Avg Speed: 0.43 M/s, Max Resolution: 1920x1080
Category: ☘️浙江频道, Name: 龙泉新闻综合, Total: 4, Valid: 4, Valid Percent: 100.00%, Whitelist: 0, IPv4: 4, IPv6: 0, Min Delay: 2668 ms, Max Speed: 0.43 M/s, Avg Speed: 0.43 M/s, Max Resolution: 1920x1080
Category: ☘️浙江频道, Name: 青田电视台, Total: 1, Valid: 1, Valid Percent: 100.00%, Whitelist: 0, IPv4: 1, IPv6: 0, Min Delay: 2668 ms, Max Speed: 0.43 M/s, Avg Speed: 0.43 M/s, Max Resolution: 1920x1080
Category: ☘️浙江频道, Name: 遂昌新闻综合, Total: 1, Valid: 1, Valid Percent: 100.00%, Whitelist: 0, IPv4: 1, IPv6: 0, Min Delay: 2668 ms, Max Speed: 0.43 M/s, Avg Speed: 0.43 M/s, Max Resolution: 1920x1080
Category: ☘️浙江频道, Name: 萧山生活, Total: 1, Valid: 1, Valid Percent: 100.00%, Whitelist: 0, IPv4: 1, IPv6: 0, Min Delay: 2668 ms, Max Speed: 0.43 M/s, Avg Speed: 0.43 M/s, Max Resolution: 1920x1080
Category: ☘️浙江频道, Name: 缙云综合, Total: 3, Valid: 3, Valid Percent: 100.00%, Whitelist: 0, IPv4: 3, IPv6: 0, Min Delay: 2668 ms, Max Speed: 0.43 M/s, Avg Speed: 0.43 M/s, Max Resolution: 1920x1080
Category: ☘️浙江频道, Name: 缙云新闻综合, Total: 2, Valid: 2, Valid Percent: 100.00%, Whitelist: 0, IPv4: 2, IPv6: 0, Min Delay: 2668 ms, Max Speed: 0.43 M/s, Avg Speed: 0.43 M/s, Max Resolution: 1920x1080
Category: ☘️浙江频道, Name: 绍兴电视台公共, Total: 2, Valid: 2, Valid Percent: 100.00%, Whitelist: 0, IPv4: 2, IPv6: 0, Min Delay: 4373 ms, Max Speed: 0.19 M/s, Avg Speed: 0.19 M/s, Max Resolution: 1280x720
Category: ☘️浙江频道, Name: 绍兴公共, Total: 1, Valid: 1, Valid Percent: 100.00%, Whitelist: 0, IPv4: 1, IPv6: 0, Min Delay: 4373 ms, Max Speed: 0.19 M/s, Avg Speed: 0.19 M/s, Max Resolution: 1280x720
Category: ☘️浙江频道, Name: 湖州公共民生, Total: 2, Valid: 2, Valid Percent: 100.00%, Whitelist: 0, IPv4: 2, IPv6: 0, Min Delay: 1189 ms, Max Speed: 0.23 M/s, Avg Speed: 0.23 M/s, Max Resolution: 1280x720
Category: ☘️浙江频道, Name: 洞头综合, Total: 4, Valid: 4, Valid Percent: 100.00%, Whitelist: 0, IPv4: 4, IPv6: 0, Min Delay: 2668 ms, Max Speed: 0.43 M/s, Avg Speed: 0.43 M/s, Max Resolution: 1920x1080
Category: ☘️浙江频道, Name: 普陀新闻综合, Total: 1, Valid: 1, Valid Percent: 100.00%, Whitelist: 0, IPv4: 1, IPv6: 0, Min Delay: 2668 ms, Max Speed: 0.43 M/s, Avg Speed: 0.43 M/s, Max Resolution: 1920x1080
Category: ☘️浙江频道, Name: 新昌生活, Total: 1, Valid: 1, Valid Percent: 100.00%, Whitelist: 0, IPv4: 1, IPv6: 0, Min Delay: 2668 ms, Max Speed: 0.43 M/s, Avg Speed: 0.43 M/s, Max Resolution: 1920x1080
Category: ☘️浙江频道, Name: 文成综合, Total: 1, Valid: 1, Valid Percent: 100.00%, Whitelist: 0, IPv4: 1, IPv6: 0, Min Delay: 2668 ms, Max Speed: 0.43 M/s, Avg Speed: 0.43 M/s, Max Resolution: 1920x1080
Category: ☘️浙江频道, Name: 文成新闻综合, Total: 2, Valid: 2, Valid Percent: 100.00%, Whitelist: 0, IPv4: 2, IPv6: 0, Min Delay: 2668 ms, Max Speed: 0.43 M/s, Avg Speed: 0.43 M/s, Max Resolution: 1920x1080
Category: ☘️浙江频道, Name: 数码时代, Total: 1, Valid: 1, Valid Percent: 100.00%, Whitelist: 0, IPv4: 1, IPv6: 0, Min Delay: 2248 ms, Max Speed: 0.82 M/s, Avg Speed: 0.82 M/s, Max Resolution: 1920x1080
Category: ☘️浙江频道, Name: 开化国家公园, Total: 3, Valid: 3, Valid Percent: 100.00%, Whitelist: 0, IPv4: 3, IPv6: 0, Min Delay: 2668 ms, Max Speed: 0.43 M/s, Avg Speed: 0.43 M/s, Max Resolution: 1920x1080
Category: ☘️浙江频道, Name: 庆元综合, Total: 1, Valid: 1, Valid Percent: 100.00%, Whitelist: 0, IPv4: 1, IPv6: 0, Min Delay: 2668 ms, Max Speed: 0.43 M/s, Avg Speed: 0.43 M/s, Max Resolution: 1920x1080
Category: ☘️浙江频道, Name: 庆元新闻综合, Total: 1, Valid: 1, Valid Percent: 100.00%, Whitelist: 0, IPv4: 1, IPv6: 0, Min Delay: 2668 ms, Max Speed: 0.43 M/s, Avg Speed: 0.43 M/s, Max Resolution: 1920x1080
Category: ☘️浙江频道, Name: 平湖民生休闲, Total: 3, Valid: 3, Valid Percent: 100.00%, Whitelist: 0, IPv4: 3, IPv6: 0, Min Delay: 2668 ms, Max Speed: 0.43 M/s, Avg Speed: 0.43 M/s, Max Resolution: 1920x1080
Category: ☘️浙江频道, Name: 嵊泗综合, Total: 1, Valid: 1, Valid Percent: 100.00%, Whitelist: 0, IPv4: 1, IPv6: 0, Min Delay: 2668 ms, Max Speed: 0.43 M/s, Avg Speed: 0.43 M/s, Max Resolution: 1920x1080
Category: ☘️浙江频道, Name: 嵊泗新闻综合, Total: 1, Valid: 1, Valid Percent: 100.00%, Whitelist: 0, IPv4: 1, IPv6: 0, Min Delay: 2668 ms, Max Speed: 0.43 M/s, Avg Speed: 0.43 M/s, Max Resolution: 1920x1080
Category: ☘️浙江频道, Name: 余杭综合, Total: 1, Valid: 1, Valid Percent: 100.00%, Whitelist: 0, IPv4: 1, IPv6: 0, Min Delay: 2668 ms, Max Speed: 0.43 M/s, Avg Speed: 0.43 M/s, Max Resolution: 1920x1080
Category: ☘️浙江频道, Name: 余杭未来E, Total: 1, Valid: 1, Valid Percent: 100.00%, Whitelist: 0, IPv4: 1, IPv6: 0, Min Delay: 2668 ms, Max Speed: 0.43 M/s, Avg Speed: 0.43 M/s, Max Resolution: 1920x1080
Category: ☘️浙江频道, Name: 余姚综合, Total: 2, Valid: 2, Valid Percent: 100.00%, Whitelist: 0, IPv4: 2, IPv6: 0, Min Delay: 4672 ms, Max Speed: 0.55 M/s, Avg Speed: 0.55 M/s, Max Resolution: None
Category: ☘️浙江频道, Name: 余姚新闻综合, Total: 1, Valid: 1, Valid Percent: 100.00%, Whitelist: 0, IPv4: 1, IPv6: 0, Min Delay: 4672 ms, Max Speed: 0.55 M/s, Avg Speed: 0.55 M/s, Max Resolution: None
Category: ☘️浙江频道, Name: 余姚姚江文化, Total: 1, Valid: 1, Valid Percent: 100.00%, Whitelist: 0, IPv4: 1, IPv6: 0, Min Delay: 4672 ms, Max Speed: 0.55 M/s, Avg Speed: 0.55 M/s, Max Resolution: None
Category: ☘️浙江频道, Name: 云和新闻综合, Total: 2, Valid: 2, Valid Percent: 100.00%, Whitelist: 0, IPv4: 2, IPv6: 0, Min Delay: 2668 ms, Max Speed: 0.43 M/s, Avg Speed: 0.43 M/s, Max Resolution: 1920x1080
Category: ☘️浙江频道, Name: 东阳影视生活, Total: 1, Valid: 1, Valid Percent: 100.00%, Whitelist: 0, IPv4: 1, IPv6: 0, Min Delay: 2668 ms, Max Speed: 0.43 M/s, Avg Speed: 0.43 M/s, Max Resolution: 1920x1080
Category: ☘️浙江频道, Name: 上虞新闻综合, Total: 1, Valid: 1, Valid Percent: 100.00%, Whitelist: 0, IPv4: 1, IPv6: 0, Min Delay: 2668 ms, Max Speed: 0.43 M/s, Avg Speed: 0.43 M/s, Max Resolution: 1920x1080
Category: ☘️浙江频道, Name: 上虞文化影院, Total: 1, Valid: 1, Valid Percent: 100.00%, Whitelist: 0, IPv4: 1, IPv6: 0, Min Delay: 2668 ms, Max Speed: 0.43 M/s, Avg Speed: 0.43 M/s, Max Resolution: 1920x1080
Category: ☘️浙江频道, Name: 上虞文化影视, Total: 1, Valid: 1, Valid Percent: 100.00%, Whitelist: 0, IPv4: 1, IPv6: 0, Min Delay: 2668 ms, Max Speed: 0.43 M/s, Avg Speed: 0.43 M/s, Max Resolution: 1920x1080
Category: ☘️北京频道, Name: 北京卫视, Total: 40, Valid: 35, Valid Percent: 87.50%, Whitelist: 2, IPv4: 38, IPv6: 0, Min Delay: 37 ms, Max Speed: 11.35 M/s, Avg Speed: 2.49 M/s, Max Resolution: 3840x2160
Category: ☘️北京频道, Name: 北京体育休闲, Total: 2, Valid: 2, Valid Percent: 100.00%, Whitelist: 0, IPv4: 2, IPv6: 0, Min Delay: 5411 ms, Max Speed: 0.01 M/s, Avg Speed: 0.01 M/s, Max Resolution: 1920x1080
Category: ☘️北京频道, Name: 北京卡酷少儿, Total: 15, Valid: 14, Valid Percent: 93.33%, Whitelist: 0, IPv4: 15, IPv6: 0, Min Delay: 206 ms, Max Speed: 7.77 M/s, Avg Speed: 2.90 M/s, Max Resolution: 1920x1080
Category: ☘️北京频道, Name: 北京新闻, Total: 2, Valid: 2, Valid Percent: 100.00%, Whitelist: 0, IPv4: 2, IPv6: 0, Min Delay: 44 ms, Max Speed: 2.20 M/s, Avg Speed: 2.20 M/s, Max Resolution: None
Category: ☘️北京频道, Name: 北京科教, Total: 3, Valid: 3, Valid Percent: 100.00%, Whitelist: 0, IPv4: 3, IPv6: 0, Min Delay: 195 ms, Max Speed: 8.96 M/s, Avg Speed: 4.95 M/s, Max Resolution: 1280x720
Category: ☘️北京频道, Name: 北京青年, Total: 2, Valid: 2, Valid Percent: 100.00%, Whitelist: 0, IPv4: 2, IPv6: 0, Min Delay: 29 ms, Max Speed: 4.42 M/s, Avg Speed: 4.42 M/s, Max Resolution: 19x24
Category: ☘️北京频道, Name: 中国交通, Total: 9, Valid: 9, Valid Percent: 100.00%, Whitelist: 0, IPv4: 9, IPv6: 0, Min Delay: 206 ms, Max Speed: 7.77 M/s, Avg Speed: 2.30 M/s, Max Resolution: 1920x1080
Category: ☘️上海频道, Name: 上海新闻综合, Total: 2, Valid: 0, Valid Percent: 0.00%, Whitelist: 2, IPv4: 0, IPv6: 0, Min Delay: -1 ms, Max Speed: 0.00 M/s, Avg Speed: 0.00 M/s, Max Resolution: None
Category: ☘️上海频道, Name: 上海第一财经, Total: 2, Valid: 0, Valid Percent: 0.00%, Whitelist: 2, IPv4: 0, IPv6: 0, Min Delay: -1 ms, Max Speed: 0.00 M/s, Avg Speed: 0.00 M/s, Max Resolution: None
Category: ☘️上海频道, Name: 东方财经, Total: 4, Valid: 4, Valid Percent: 100.00%, Whitelist: 0, IPv4: 4, IPv6: 0, Min Delay: 206 ms, Max Speed: 7.77 M/s, Avg Speed: 7.77 M/s, Max Resolution: 1920x1080
Category: ☘️上海频道, Name: 全纪实, Total: 1, Valid: 1, Valid Percent: 100.00%, Whitelist: 0, IPv4: 1, IPv6: 0, Min Delay: 439 ms, Max Speed: 0.02 M/s, Avg Speed: 0.02 M/s, Max Resolution: 1920x1080
Category: ☘️上海频道, Name: 动漫秀场, Total: 15, Valid: 14, Valid Percent: 93.33%, Whitelist: 0, IPv4: 15, IPv6: 0, Min Delay: 206 ms, Max Speed: 7.77 M/s, Avg Speed: 3.64 M/s, Max Resolution: 1920x1080
Category: ☘️上海频道, Name: 哈哈炫动, Total: 6, Valid: 6, Valid Percent: 100.00%, Whitelist: 0, IPv4: 6, IPv6: 0, Min Delay: 206 ms, Max Speed: 7.77 M/s, Avg Speed: 6.72 M/s, Max Resolution: 1920x1080
Category: ☘️上海频道, Name: 新闻综合, Total: 3, Valid: 3, Valid Percent: 100.00%, Whitelist: 0, IPv4: 3, IPv6: 0, Min Delay: 1274 ms, Max Speed: 0.88 M/s, Avg Speed: 0.67 M/s, Max Resolution: 1920x1080
Category: ☘️上海频道, Name: 欢笑剧场, Total: 6, Valid: 5, Valid Percent: 83.33%, Whitelist: 0, IPv4: 6, IPv6: 0, Min Delay: 206 ms, Max Speed: 7.77 M/s, Avg Speed: 4.10 M/s, Max Resolution: 1920x1080
Category: ☘️上海频道, Name: 法治天地, Total: 4, Valid: 4, Valid Percent: 100.00%, Whitelist: 0, IPv4: 4, IPv6: 0, Min Delay: 206 ms, Max Speed: 7.77 M/s, Avg Speed: 7.77 M/s, Max Resolution: 1920x1080
Category: ☘️上海频道, Name: 生活时尚, Total: 15, Valid: 14, Valid Percent: 93.33%, Whitelist: 0, IPv4: 15, IPv6: 0, Min Delay: 206 ms, Max Speed: 7.77 M/s, Avg Speed: 3.64 M/s, Max Resolution: 1920x1080
Category: ☘️上海频道, Name: 都市剧场, Total: 16, Valid: 15, Valid Percent: 93.75%, Whitelist: 0, IPv4: 16, IPv6: 0, Min Delay: 44 ms, Max Speed: 7.77 M/s, Avg Speed: 3.83 M/s, Max Resolution: 1920x1080
Category: ☘️重庆频道, Name: 璧山综合, Total: 4, Valid: 4, Valid Percent: 100.00%, Whitelist: 0, IPv4: 4, IPv6: 0, Min Delay: 5216 ms, Max Speed: 0.30 M/s, Avg Speed: 0.30 M/s, Max Resolution: 1920x1080
Category: ☘️重庆频道, Name: 铜梁综合, Total: 4, Valid: 4, Valid Percent: 100.00%, Whitelist: 0, IPv4: 4, IPv6: 0, Min Delay: 3457 ms, Max Speed: 0.12 M/s, Avg Speed: 0.12 M/s, Max Resolution: 720x576
Category: ☘️重庆频道, Name: 重庆汽摩, Total: 2, Valid: 2, Valid Percent: 100.00%, Whitelist: 0, IPv4: 2, IPv6: 0, Min Delay: 5690 ms, Max Speed: 0.31 M/s, Avg Speed: 0.31 M/s, Max Resolution: 1920x1080
Category: ☘️重庆频道, Name: 荣昌综合, Total: 4, Valid: 4, Valid Percent: 100.00%, Whitelist: 0, IPv4: 4, IPv6: 0, Min Delay: 3339 ms, Max Speed: 0.10 M/s, Avg Speed: 0.10 M/s, Max Resolution: 720x404
Category: ☘️重庆频道, Name: 潼南综合, Total: 2, Valid: 2, Valid Percent: 100.00%, Whitelist: 0, IPv4: 2, IPv6: 0, Min Delay: 5690 ms, Max Speed: 0.31 M/s, Avg Speed: 0.31 M/s, Max Resolution: 1920x1080
Category: ☘️重庆频道, Name: 江津新闻综合, Total: 5, Valid: 5, Valid Percent: 100.00%, Whitelist: 0, IPv4: 5, IPv6: 0, Min Delay: 5349 ms, Max Speed: 0.05 M/s, Avg Speed: 0.05 M/s, Max Resolution: 1920x1080
Category: ☘️重庆频道, Name: 垫江综合, Total: 1, Valid: 0, Valid Percent: 0.00%, Whitelist: 0, IPv4: 1, IPv6: 0, Min Delay: -1 ms, Max Speed: 0.00 M/s, Avg Speed: 0.00 M/s, Max Resolution: 1920x1080
Category: ☘️重庆频道, Name: 重庆新闻, Total: 2, Valid: 2, Valid Percent: 100.00%, Whitelist: 0, IPv4: 2, IPv6: 0, Min Delay: 44 ms, Max Speed: 4.86 M/s, Avg Speed: 3.53 M/s, Max Resolution: 1280x720
Category: ☘️重庆频道, Name: 重庆时尚购物, Total: 1, Valid: 1, Valid Percent: 100.00%, Whitelist: 0, IPv4: 1, IPv6: 0, Min Delay: 439 ms, Max Speed: 0.02 M/s, Avg Speed: 0.02 M/s, Max Resolution: 1920x1080
Category: ☘️江苏频道, Name: 江苏城市, Total: 1, Valid: 1, Valid Percent: 100.00%, Whitelist: 0, IPv4: 1, IPv6: 0, Min Delay: 2618 ms, Max Speed: 0.59 M/s, Avg Speed: 0.59 M/s, Max Resolution: None
Category: ☘️江苏频道, Name: 江苏综艺, Total: 1, Valid: 1, Valid Percent: 100.00%, Whitelist: 0, IPv4: 1, IPv6: 0, Min Delay: 2618 ms, Max Speed: 0.59 M/s, Avg Speed: 0.59 M/s, Max Resolution: None
Category: ☘️江苏频道, Name: 江苏影视, Total: 1, Valid: 1, Valid Percent: 100.00%, Whitelist: 0, IPv4: 1, IPv6: 0, Min Delay: 2618 ms, Max Speed: 0.59 M/s, Avg Speed: 0.59 M/s, Max Resolution: None
Category: ☘️江苏频道, Name: 江苏新闻, Total: 1, Valid: 1, Valid Percent: 100.00%, Whitelist: 0, IPv4: 1, IPv6: 0, Min Delay: 2618 ms, Max Speed: 0.59 M/s, Avg Speed: 0.59 M/s, Max Resolution: None
Category: ☘️江苏频道, Name: 江苏国际, Total: 3, Valid: 1, Valid Percent: 33.33%, Whitelist: 2, IPv4: 1, IPv6: 0, Min Delay: 2618 ms, Max Speed: 0.59 M/s, Avg Speed: 0.59 M/s, Max Resolution: None
Category: ☘️江苏频道, Name: 江苏教育, Total: 3, Valid: 1, Valid Percent: 33.33%, Whitelist: 2, IPv4: 1, IPv6: 0, Min Delay: 2618 ms, Max Speed: 0.59 M/s, Avg Speed: 0.59 M/s, Max Resolution: None
Category: ☘️江苏频道, Name: 优漫卡通, Total: 9, Valid: 9, Valid Percent: 100.00%, Whitelist: 0, IPv4: 9, IPv6: 0, Min Delay: 206 ms, Max Speed: 8.96 M/s, Avg Speed: 3.80 M/s, Max Resolution: 1920x1080
Category: ☘️江苏频道, Name: 淮安新闻综合, Total: 2, Valid: 0, Valid Percent: 0.00%, Whitelist: 2, IPv4: 0, IPv6: 0, Min Delay: -1 ms, Max Speed: 0.00 M/s, Avg Speed: 0.00 M/s, Max Resolution: None
Category: ☘️江苏频道, Name: 连云港新闻综合, Total: 2, Valid: 0, Valid Percent: 0.00%, Whitelist: 2, IPv4: 0, IPv6: 0, Min Delay: -1 ms, Max Speed: 0.00 M/s, Avg Speed: 0.00 M/s, Max Resolution: None
Category: ☘️江苏频道, Name: 南京新闻综合, Total: 1, Valid: 1, Valid Percent: 100.00%, Whitelist: 0, IPv4: 1, IPv6: 0, Min Delay: 2618 ms, Max Speed: 0.59 M/s, Avg Speed: 0.59 M/s, Max Resolution: None
Category: ☘️江苏频道, Name: 盐城-1, Total: 1, Valid: 1, Valid Percent: 100.00%, Whitelist: 0, IPv4: 1, IPv6: 0, Min Delay: 2618 ms, Max Speed: 0.59 M/s, Avg Speed: 0.59 M/s, Max Resolution: None
Category: ☘️江苏频道, Name: 上海第一财经, Total: 2, Valid: 0, Valid Percent: 0.00%, Whitelist: 2, IPv4: 0, IPv6: 0, Min Delay: -1 ms, Max Speed: 0.00 M/s, Avg Speed: 0.00 M/s, Max Resolution: None
Category: ☘️江苏频道, Name: 上海新闻综合, Total: 2, Valid: 0, Valid Percent: 0.00%, Whitelist: 2, IPv4: 0, IPv6: 0, Min Delay: -1 ms, Max Speed: 0.00 M/s, Avg Speed: 0.00 M/s, Max Resolution: None
Category: ☘️江苏频道, Name: 上视东方影视, Total: 2, Valid: 0, Valid Percent: 0.00%, Whitelist: 2, IPv4: 0, IPv6: 0, Min Delay: -1 ms, Max Speed: 0.00 M/s, Avg Speed: 0.00 M/s, Max Resolution: None
Category: ☘️江苏频道, Name: 南京信息, Total: 1, Valid: 1, Valid Percent: 100.00%, Whitelist: 0, IPv4: 1, IPv6: 0, Min Delay: 2618 ms, Max Speed: 0.59 M/s, Avg Speed: 0.59 M/s, Max Resolution: None
Category: ☘️江苏频道, Name: 南京娱乐, Total: 1, Valid: 1, Valid Percent: 100.00%, Whitelist: 0, IPv4: 1, IPv6: 0, Min Delay: 2618 ms, Max Speed: 0.59 M/s, Avg Speed: 0.59 M/s, Max Resolution: None
Category: ☘️江苏频道, Name: 南京少儿, Total: 1, Valid: 1, Valid Percent: 100.00%, Whitelist: 0, IPv4: 1, IPv6: 0, Min Delay: 2618 ms, Max Speed: 0.59 M/s, Avg Speed: 0.59 M/s, Max Resolution: None
Category: ☘️江苏频道, Name: 南京生活, Total: 1, Valid: 1, Valid Percent: 100.00%, Whitelist: 0, IPv4: 1, IPv6: 0, Min Delay: 2618 ms, Max Speed: 0.59 M/s, Avg Speed: 0.59 M/s, Max Resolution: None
Category: ☘️江苏频道, Name: 南通新闻综合, Total: 2, Valid: 0, Valid Percent: 0.00%, Whitelist: 2, IPv4: 0, IPv6: 0, Min Delay: -1 ms, Max Speed: 0.00 M/s, Avg Speed: 0.00 M/s, Max Resolution: None
Category: ☘️江苏频道, Name: 句容党建, Total: 2, Valid: 2, Valid Percent: 100.00%, Whitelist: 0, IPv4: 2, IPv6: 0, Min Delay: 2366 ms, Max Speed: 0.08 M/s, Avg Speed: 0.08 M/s, Max Resolution: 1280x720
Category: ☘️江苏频道, Name: 句容影院, Total: 1, Valid: 1, Valid Percent: 100.00%, Whitelist: 0, IPv4: 1, IPv6: 0, Min Delay: 2366 ms, Max Speed: 0.08 M/s, Avg Speed: 0.08 M/s, Max Resolution: 1280x720
Category: ☘️江苏频道, Name: 句容新闻综合, Total: 3, Valid: 3, Valid Percent: 100.00%, Whitelist: 0, IPv4: 3, IPv6: 0, Min Delay: 2366 ms, Max Speed: 0.08 M/s, Avg Speed: 0.08 M/s, Max Resolution: 1280x720
Category: ☘️江苏频道, Name: 句容生活, Total: 2, Valid: 2, Valid Percent: 100.00%, Whitelist: 0, IPv4: 2, IPv6: 0, Min Delay: 2366 ms, Max Speed: 0.08 M/s, Avg Speed: 0.08 M/s, Max Resolution: 1280x720
Category: ☘️江苏频道, Name: 宜兴紫砂, Total: 1, Valid: 0, Valid Percent: 0.00%, Whitelist: 0, IPv4: 1, IPv6: 0, Min Delay: -1 ms, Max Speed: 0.00 M/s, Avg Speed: 0.00 M/s, Max Resolution: 1280x720
Category: ☘️江苏频道, Name: 常熟民生, Total: 1, Valid: 0, Valid Percent: 0.00%, Whitelist: 0, IPv4: 1, IPv6: 0, Min Delay: -1 ms, Max Speed: 0.00 M/s, Avg Speed: 0.00 M/s, Max Resolution: 1280x720
Category: ☘️江苏频道, Name: 武进新闻, Total: 5, Valid: 5, Valid Percent: 100.00%, Whitelist: 0, IPv4: 5, IPv6: 0, Min Delay: 5092 ms, Max Speed: 0.08 M/s, Avg Speed: 0.08 M/s, Max Resolution: 720x576
Category: ☘️江苏频道, Name: 武进生活, Total: 4, Valid: 4, Valid Percent: 100.00%, Whitelist: 0, IPv4: 4, IPv6: 0, Min Delay: 5092 ms, Max Speed: 0.08 M/s, Avg Speed: 0.08 M/s, Max Resolution: 720x576
Category: ☘️江苏频道, Name: 江宁新闻, Total: 2, Valid: 0, Valid Percent: 0.00%, Whitelist: 0, IPv4: 2, IPv6: 0, Min Delay: 940 ms, Max Speed: 0.00 M/s, Avg Speed: 0.00 M/s, Max Resolution: None
Category: ☘️江苏频道, Name: 泗洪新闻综合, Total: 2, Valid: 0, Valid Percent: 0.00%, Whitelist: 0, IPv4: 2, IPv6: 0, Min Delay: 2523 ms, Max Speed: 0.00 M/s, Avg Speed: 0.00 M/s, Max Resolution: None
Category: ☘️江苏频道, Name: 涟水综合, Total: 2, Valid: 0, Valid Percent: 0.00%, Whitelist: 0, IPv4: 2, IPv6: 0, Min Delay: 334 ms, Max Speed: 0.00 M/s, Avg Speed: 0.00 M/s, Max Resolution: None
Category: ☘️江苏频道, Name: 溧水新闻综合, Total: 2, Valid: 0, Valid Percent: 0.00%, Whitelist: 2, IPv4: 0, IPv6: 0, Min Delay: -1 ms, Max Speed: 0.00 M/s, Avg Speed: 0.00 M/s, Max Resolution: None
Category: ☘️江苏频道, Name: 睢宁综合, Total: 2, Valid: 1, Valid Percent: 50.00%, Whitelist: 0, IPv4: 2, IPv6: 0, Min Delay: 1274 ms, Max Speed: 0.88 M/s, Avg Speed: 0.88 M/s, Max Resolution: 1920x1080
Category: ☘️江苏频道, Name: 苏州4k, Total: 2, Valid: 2, Valid Percent: 100.00%, Whitelist: 0, IPv4: 2, IPv6: 0, Min Delay: 1274 ms, Max Speed: 0.88 M/s, Avg Speed: 0.88 M/s, Max Resolution: 1920x1080
Category: ☘️江苏频道, Name: 苏州文化生活, Total: 1, Valid: 1, Valid Percent: 100.00%, Whitelist: 0, IPv4: 1, IPv6: 0, Min Delay: 1274 ms, Max Speed: 0.88 M/s, Avg Speed: 0.88 M/s, Max Resolution: 1920x1080
Category: ☘️江苏频道, Name: 苏州新闻综合, Total: 1, Valid: 1, Valid Percent: 100.00%, Whitelist: 0, IPv4: 1, IPv6: 0, Min Delay: 1274 ms, Max Speed: 0.88 M/s, Avg Speed: 0.88 M/s, Max Resolution: 1920x1080
Category: ☘️江苏频道, Name: 苏州生活资讯, Total: 1, Valid: 1, Valid Percent: 100.00%, Whitelist: 0, IPv4: 1, IPv6: 0, Min Delay: 1274 ms, Max Speed: 0.88 M/s, Avg Speed: 0.88 M/s, Max Resolution: 1920x1080
Category: ☘️江苏频道, Name: 苏州社会经济, Total: 1, Valid: 1, Valid Percent: 100.00%, Whitelist: 0, IPv4: 1, IPv6: 0, Min Delay: 1274 ms, Max Speed: 0.88 M/s, Avg Speed: 0.88 M/s, Max Resolution: 1920x1080
Category: ☘️江苏频道, Name: 赣榆新闻综合, Total: 2, Valid: 0, Valid Percent: 0.00%, Whitelist: 0, IPv4: 2, IPv6: 0, Min Delay: 927 ms, Max Speed: 0.00 M/s, Avg Speed: 0.00 M/s, Max Resolution: None
Category: ☘️江苏频道, Name: 镇江新闻综合, Total: 2, Valid: 0, Valid Percent: 0.00%, Whitelist: 2, IPv4: 0, IPv6: 0, Min Delay: -1 ms, Max Speed: 0.00 M/s, Avg Speed: 0.00 M/s, Max Resolution: None
Category: ☘️江苏频道, Name: 靖江新闻综合, Total: 1, Valid: 0, Valid Percent: 0.00%, Whitelist: 0, IPv4: 1, IPv6: 0, Min Delay: -1 ms, Max Speed: 0.00 M/s, Avg Speed: 0.00 M/s, Max Resolution: 1280x720
Category: ☘️辽宁频道, Name: 朝阳新闻综合, Total: 2, Valid: 2, Valid Percent: 100.00%, Whitelist: 0, IPv4: 2, IPv6: 0, Min Delay: 5663 ms, Max Speed: 0.96 M/s, Avg Speed: 0.96 M/s, Max Resolution: 1920x1080
Category: ☘️湖南频道, Name: 湖南都市, Total: 2, Valid: 2, Valid Percent: 100.00%, Whitelist: 0, IPv4: 2, IPv6: 0, Min Delay: 206 ms, Max Speed: 7.77 M/s, Avg Speed: 7.77 M/s, Max Resolution: 1920x1080
Category: ☘️湖南频道, Name: 湖南经视, Total: 2, Valid: 2, Valid Percent: 100.00%, Whitelist: 0, IPv4: 2, IPv6: 0, Min Delay: 206 ms, Max Speed: 7.77 M/s, Avg Speed: 7.77 M/s, Max Resolution: 1920x1080
Category: ☘️湖南频道, Name: 湖南电视剧, Total: 2, Valid: 2, Valid Percent: 100.00%, Whitelist: 0, IPv4: 2, IPv6: 0, Min Delay: 206 ms, Max Speed: 7.77 M/s, Avg Speed: 7.77 M/s, Max Resolution: 1920x1080
Category: ☘️湖南频道, Name: 湖南电影, Total: 2, Valid: 2, Valid Percent: 100.00%, Whitelist: 0, IPv4: 2, IPv6: 0, Min Delay: 206 ms, Max Speed: 7.77 M/s, Avg Speed: 7.77 M/s, Max Resolution: 1920x1080
Category: ☘️湖南频道, Name: 湖南爱晚, Total: 2, Valid: 2, Valid Percent: 100.00%, Whitelist: 0, IPv4: 2, IPv6: 0, Min Delay: 206 ms, Max Speed: 7.77 M/s, Avg Speed: 7.77 M/s, Max Resolution: 1920x1080
Category: ☘️湖南频道, Name: 湖南教育, Total: 5, Valid: 5, Valid Percent: 100.00%, Whitelist: 0, IPv4: 5, IPv6: 0, Min Delay: 195 ms, Max Speed: 8.96 M/s, Avg Speed: 6.08 M/s, Max Resolution: 1920x1080
Category: ☘️湖南频道, Name: 湖南娱乐, Total: 5, Valid: 5, Valid Percent: 100.00%, Whitelist: 0, IPv4: 5, IPv6: 0, Min Delay: 195 ms, Max Speed: 8.96 M/s, Avg Speed: 6.08 M/s, Max Resolution: 1920x1080
Category: ☘️湖南频道, Name: 湖南国际, Total: 2, Valid: 2, Valid Percent: 100.00%, Whitelist: 0, IPv4: 2, IPv6: 0, Min Delay: 206 ms, Max Speed: 7.77 M/s, Avg Speed: 7.77 M/s, Max Resolution: 1920x1080
Category: ☘️湖南频道, Name: 金鹰纪实, Total: 17, Valid: 15, Valid Percent: 88.24%, Whitelist: 0, IPv4: 17, IPv6: 0, Min Delay: 206 ms, Max Speed: 7.77 M/s, Avg Speed: 1.51 M/s, Max Resolution: 1920x1080
Category: ☘️湖南频道, Name: 长沙新闻, Total: 2, Valid: 2, Valid Percent: 100.00%, Whitelist: 0, IPv4: 2, IPv6: 0, Min Delay: 206 ms, Max Speed: 7.77 M/s, Avg Speed: 7.77 M/s, Max Resolution: 1920x1080
Category: ☘️湖南频道, Name: 长沙政法, Total: 4, Valid: 4, Valid Percent: 100.00%, Whitelist: 0, IPv4: 4, IPv6: 0, Min Delay: 206 ms, Max Speed: 7.77 M/s, Avg Speed: 7.77 M/s, Max Resolution: 1920x1080
Category: ☘️湖南频道, Name: 衡阳新闻综合, Total: 2, Valid: 2, Valid Percent: 100.00%, Whitelist: 0, IPv4: 2, IPv6: 0, Min Delay: 5818 ms, Max Speed: 0.01 M/s, Avg Speed: 0.01 M/s, Max Resolution: 800x480
Category: ☘️湖南频道, Name: 宁乡综合, Total: 2, Valid: 2, Valid Percent: 100.00%, Whitelist: 0, IPv4: 2, IPv6: 0, Min Delay: 206 ms, Max Speed: 7.77 M/s, Avg Speed: 7.77 M/s, Max Resolution: 1920x1080
Category: ☘️湖北频道, Name: 湖北综合, Total: 1, Valid: 1, Valid Percent: 100.00%, Whitelist: 0, IPv4: 1, IPv6: 0, Min Delay: 475 ms, Max Speed: 4.86 M/s, Avg Speed: 4.86 M/s, Max Resolution: 1280x720
Category: ☘️湖北频道, Name: 湖北经视, Total: 5, Valid: 5, Valid Percent: 100.00%, Whitelist: 0, IPv4: 5, IPv6: 0, Min Delay: 475 ms, Max Speed: 4.86 M/s, Avg Speed: 0.98 M/s, Max Resolution: 1280x720
Category: ☘️湖北频道, Name: 湖北生活, Total: 1, Valid: 1, Valid Percent: 100.00%, Whitelist: 0, IPv4: 1, IPv6: 0, Min Delay: 475 ms, Max Speed: 4.86 M/s, Avg Speed: 4.86 M/s, Max Resolution: 1280x720
Category: ☘️湖北频道, Name: 湖北教育, Total: 3, Valid: 3, Valid Percent: 100.00%, Whitelist: 0, IPv4: 3, IPv6: 0, Min Delay: 475 ms, Max Speed: 4.86 M/s, Avg Speed: 1.62 M/s, Max Resolution: 1280x720
Category: ☘️湖北频道, Name: 湖北影视, Total: 3, Valid: 3, Valid Percent: 100.00%, Whitelist: 0, IPv4: 3, IPv6: 0, Min Delay: 475 ms, Max Speed: 4.86 M/s, Avg Speed: 1.62 M/s, Max Resolution: 1280x720
Category: ☘️湖北频道, Name: 湖北公共新闻, Total: 2, Valid: 2, Valid Percent: 100.00%, Whitelist: 0, IPv4: 2, IPv6: 0, Min Delay: 721 ms, Max Speed: 0.01 M/s, Avg Speed: 0.01 M/s, Max Resolution: None
Category: ☘️湖北频道, Name: 湖北垄上, Total: 3, Valid: 3, Valid Percent: 100.00%, Whitelist: 0, IPv4: 3, IPv6: 0, Min Delay: 475 ms, Max Speed: 4.86 M/s, Avg Speed: 1.62 M/s, Max Resolution: 1280x720
Category: ☘️湖北频道, Name: 武汉教育, Total: 2, Valid: 2, Valid Percent: 100.00%, Whitelist: 0, IPv4: 2, IPv6: 0, Min Delay: 721 ms, Max Speed: 0.01 M/s, Avg Speed: 0.01 M/s, Max Resolution: None
Category: ☘️湖北频道, Name: 武汉新闻综合, Total: 2, Valid: 2, Valid Percent: 100.00%, Whitelist: 0, IPv4: 2, IPv6: 0, Min Delay: 721 ms, Max Speed: 0.01 M/s, Avg Speed: 0.01 M/s, Max Resolution: None
Category: ☘️湖北频道, Name: 武汉生活, Total: 1, Valid: 1, Valid Percent: 100.00%, Whitelist: 0, IPv4: 1, IPv6: 0, Min Delay: 721 ms, Max Speed: 0.00 M/s, Avg Speed: 0.00 M/s, Max Resolution: None
Category: ☘️广西频道, Name: 南宁新闻综合, Total: 2, Valid: 0, Valid Percent: 0.00%, Whitelist: 0, IPv4: 2, IPv6: 0, Min Delay: -1 ms, Max Speed: 0.00 M/s, Avg Speed: 0.00 M/s, Max Resolution: 1920x1080
Category: ☘️广西频道, Name: 来宾综合, Total: 2, Valid: 2, Valid Percent: 100.00%, Whitelist: 0, IPv4: 2, IPv6: 0, Min Delay: 5175 ms, Max Speed: 0.30 M/s, Avg Speed: 0.30 M/s, Max Resolution: 1920x1080
Category: ☘️天津频道, Name: 津南一套, Total: 4, Valid: 4, Valid Percent: 100.00%, Whitelist: 0, IPv4: 4, IPv6: 0, Min Delay: 82 ms, Max Speed: 3.69 M/s, Avg Speed: 3.51 M/s, Max Resolution: 720x576
Category: ☘️天津频道, Name: 天津都市, Total: 2, Valid: 2, Valid Percent: 100.00%, Whitelist: 0, IPv4: 2, IPv6: 0, Min Delay: 394 ms, Max Speed: 4.86 M/s, Avg Speed: 4.61 M/s, Max Resolution: 1280x720
Category: ☘️天津频道, Name: 天津新闻, Total: 2, Valid: 2, Valid Percent: 100.00%, Whitelist: 0, IPv4: 2, IPv6: 0, Min Delay: 394 ms, Max Speed: 4.86 M/s, Avg Speed: 4.61 M/s, Max Resolution: 1280x720
Category: ☘️天津频道, Name: 天津文艺, Total: 2, Valid: 2, Valid Percent: 100.00%, Whitelist: 0, IPv4: 2, IPv6: 0, Min Delay: 394 ms, Max Speed: 4.86 M/s, Avg Speed: 4.61 M/s, Max Resolution: 1280x720
Category: ☘️天津频道, Name: 天津卫视, Total: 26, Valid: 23, Valid Percent: 88.46%, Whitelist: 0, IPv4: 26, IPv6: 0, Min Delay: 206 ms, Max Speed: 11.35 M/s, Avg Speed: 2.82 M/s, Max Resolution: 1920x1080
Category: ☘️四川频道, Name: 四川卫视, Total: 25, Valid: 22, Valid Percent: 88.00%, Whitelist: 0, IPv4: 25, IPv6: 0, Min Delay: 206 ms, Max Speed: 7.77 M/s, Avg Speed: 2.48 M/s, Max Resolution: 1920x1080
Category: ☘️四川频道, Name: 四川影视文艺, Total: 1, Valid: 1, Valid Percent: 100.00%, Whitelist: 0, IPv4: 1, IPv6: 0, Min Delay: 439 ms, Max Speed: 0.02 M/s, Avg Speed: 0.02 M/s, Max Resolution: 1920x1080
Category: ☘️四川频道, Name: 四川文化旅游, Total: 1, Valid: 1, Valid Percent: 100.00%, Whitelist: 0, IPv4: 1, IPv6: 0, Min Delay: 439 ms, Max Speed: 0.02 M/s, Avg Speed: 0.02 M/s, Max Resolution: 1920x1080
Category: ☘️四川频道, Name: 天元围棋, Total: 12, Valid: 11, Valid Percent: 91.67%, Whitelist: 0, IPv4: 12, IPv6: 0, Min Delay: 195 ms, Max Speed: 8.96 M/s, Avg Speed: 6.11 M/s, Max Resolution: 1920x1080
Category: ☘️四川频道, Name: 乐至综合, Total: 2, Valid: 2, Valid Percent: 100.00%, Whitelist: 0, IPv4: 2, IPv6: 0, Min Delay: 2417 ms, Max Speed: 0.92 M/s, Avg Speed: 0.92 M/s, Max Resolution: 1920x1080
Category: ☘️四川频道, Name: 井研综合, Total: 2, Valid: 2, Valid Percent: 100.00%, Whitelist: 0, IPv4: 2, IPv6: 0, Min Delay: 5897 ms, Max Speed: 0.20 M/s, Avg Speed: 0.20 M/s, Max Resolution: 1920x1080
Category: ☘️四川频道, Name: 仁寿综合, Total: 2, Valid: 2, Valid Percent: 100.00%, Whitelist: 0, IPv4: 2, IPv6: 0, Min Delay: 1376 ms, Max Speed: 0.05 M/s, Avg Speed: 0.05 M/s, Max Resolution: None
Category: ☘️四川频道, Name: 凉山新闻综合, Total: 2, Valid: 0, Valid Percent: 0.00%, Whitelist: 0, IPv4: 2, IPv6: 0, Min Delay: -1 ms, Max Speed: 0.00 M/s, Avg Speed: 0.00 M/s, Max Resolution: 720x404
Category: ☘️四川频道, Name: 名山综合, Total: 1, Valid: 0, Valid Percent: 0.00%, Whitelist: 0, IPv4: 1, IPv6: 0, Min Delay: -1 ms, Max Speed: 0.00 M/s, Avg Speed: 0.00 M/s, Max Resolution: 1920x1080
Category: ☘️四川频道, Name: 夹江新闻综合, Total: 2, Valid: 0, Valid Percent: 0.00%, Whitelist: 0, IPv4: 2, IPv6: 0, Min Delay: 5004 ms, Max Speed: 0.00 M/s, Avg Speed: 0.00 M/s, Max Resolution: None
Category: ☘️四川频道, Name: 小金综合, Total: 1, Valid: 0, Valid Percent: 0.00%, Whitelist: 0, IPv4: 1, IPv6: 0, Min Delay: -1 ms, Max Speed: 0.00 M/s, Avg Speed: 0.00 M/s, Max Resolution: 1920x1080
Category: ☘️四川频道, Name: 广安公共, Total: 4, Valid: 4, Valid Percent: 100.00%, Whitelist: 0, IPv4: 4, IPv6: 0, Min Delay: 509 ms, Max Speed: 0.00 M/s, Avg Speed: 0.00 M/s, Max Resolution: 720x576
Category: ☘️四川频道, Name: 旺苍新闻综合, Total: 1, Valid: 0, Valid Percent: 0.00%, Whitelist: 0, IPv4: 1, IPv6: 0, Min Delay: -1 ms, Max Speed: 0.00 M/s, Avg Speed: 0.00 M/s, Max Resolution: 1920x1080
Category: ☘️四川频道, Name: 甘孜综合, Total: 1, Valid: 0, Valid Percent: 0.00%, Whitelist: 0, IPv4: 1, IPv6: 0, Min Delay: -1 ms, Max Speed: 0.00 M/s, Avg Speed: 0.00 M/s, Max Resolution: 1280x720
Category: ☘️四川频道, Name: 金川新闻综合, Total: 2, Valid: 0, Valid Percent: 0.00%, Whitelist: 0, IPv4: 2, IPv6: 0, Min Delay: -1 ms, Max Speed: 0.00 M/s, Avg Speed: 0.00 M/s, Max Resolution: 1920x1080
Category: ☘️四川频道, Name: 长宁综合, Total: 1, Valid: 0, Valid Percent: 0.00%, Whitelist: 0, IPv4: 1, IPv6: 0, Min Delay: -1 ms, Max Speed: 0.00 M/s, Avg Speed: 0.00 M/s, Max Resolution: 1920x1080
Category: ☘️四川频道, Name: 雅安新闻综合, Total: 1, Valid: 1, Valid Percent: 100.00%, Whitelist: 0, IPv4: 1, IPv6: 0, Min Delay: 3155 ms, Max Speed: 0.57 M/s, Avg Speed: 0.57 M/s, Max Resolution: 1920x1080
Category: ☘️四川频道, Name: 雅安雨城, Total: 2, Valid: 2, Valid Percent: 100.00%, Whitelist: 0, IPv4: 2, IPv6: 0, Min Delay: 2865 ms, Max Speed: 0.57 M/s, Avg Speed: 0.57 M/s, Max Resolution: 720x576
Category: ☘️四川频道, Name: 青川综合, Total: 2, Valid: 2, Valid Percent: 100.00%, Whitelist: 0, IPv4: 2, IPv6: 0, Min Delay: 5279 ms, Max Speed: 0.42 M/s, Avg Speed: 0.42 M/s, Max Resolution: 1920x1080
Category: ☘️四川频道, Name: 马尔康综合, Total: 2, Valid: 0, Valid Percent: 0.00%, Whitelist: 0, IPv4: 2, IPv6: 0, Min Delay: 5004 ms, Max Speed: 0.00 M/s, Avg Speed: 0.00 M/s, Max Resolution: None
Category: ☘️四川频道, Name: 龙泉新闻, Total: 1, Valid: 1, Valid Percent: 100.00%, Whitelist: 0, IPv4: 1, IPv6: 0, Min Delay: 2668 ms, Max Speed: 0.43 M/s, Avg Speed: 0.43 M/s, Max Resolution: 1920x1080
Category: ☘️四川频道, Name: 会理新闻, Total: 1, Valid: 1, Valid Percent: 100.00%, Whitelist: 0, IPv4: 1, IPv6: 0, Min Delay: 439 ms, Max Speed: 0.02 M/s, Avg Speed: 0.02 M/s, Max Resolution: 1920x1080
Category: ☘️四川频道, Name: 东方财经, Total: 4, Valid: 4, Valid Percent: 100.00%, Whitelist: 0, IPv4: 4, IPv6: 0, Min Delay: 206 ms, Max Speed: 7.77 M/s, Avg Speed: 7.77 M/s, Max Resolution: 1920x1080
Category: ☘️四川频道, Name: 山东教育, Total: 4, Valid: 2, Valid Percent: 50.00%, Whitelist: 2, IPv4: 2, IPv6: 0, Min Delay: 206 ms, Max Speed: 7.77 M/s, Avg Speed: 7.77 M/s, Max Resolution: 1920x1080
Category: ☘️四川频道, Name: 动漫秀场, Total: 15, Valid: 14, Valid Percent: 93.33%, Whitelist: 0, IPv4: 15, IPv6: 0, Min Delay: 206 ms, Max Speed: 7.77 M/s, Avg Speed: 3.64 M/s, Max Resolution: 1920x1080
Category: ☘️四川频道, Name: 都市剧场, Total: 16, Valid: 15, Valid Percent: 93.75%, Whitelist: 0, IPv4: 16, IPv6: 0, Min Delay: 44 ms, Max Speed: 7.77 M/s, Avg Speed: 3.83 M/s, Max Resolution: 1920x1080
Category: ☘️四川频道, Name: 法治天地, Total: 4, Valid: 4, Valid Percent: 100.00%, Whitelist: 0, IPv4: 4, IPv6: 0, Min Delay: 206 ms, Max Speed: 7.77 M/s, Avg Speed: 7.77 M/s, Max Resolution: 1920x1080
Category: ☘️四川频道, Name: 欢笑剧场, Total: 6, Valid: 5, Valid Percent: 83.33%, Whitelist: 0, IPv4: 6, IPv6: 0, Min Delay: 206 ms, Max Speed: 7.77 M/s, Avg Speed: 4.10 M/s, Max Resolution: 1920x1080
Category: ☘️福建频道, Name: 厦门卫视, Total: 2, Valid: 2, Valid Percent: 100.00%, Whitelist: 0, IPv4: 2, IPv6: 0, Min Delay: 206 ms, Max Speed: 7.77 M/s, Avg Speed: 7.77 M/s, Max Resolution: 1920x1080
Category: ☘️福建频道, Name: 福州少儿, Total: 2, Valid: 2, Valid Percent: 100.00%, Whitelist: 0, IPv4: 2, IPv6: 0, Min Delay: 1884 ms, Max Speed: 0.22 M/s, Avg Speed: 0.22 M/s, Max Resolution: 1920x1080
Category: ☘️河南频道, Name: 梨园, Total: 2, Valid: 2, Valid Percent: 100.00%, Whitelist: 0, IPv4: 2, IPv6: 0, Min Delay: 206 ms, Max Speed: 7.77 M/s, Avg Speed: 7.77 M/s, Max Resolution: 1920x1080
Category: ☘️河北频道, Name: 衡山, Total: 2, Valid: 2, Valid Percent: 100.00%, Whitelist: 0, IPv4: 2, IPv6: 0, Min Delay: 3454 ms, Max Speed: 0.52 M/s, Avg Speed: 0.52 M/s, Max Resolution: 1280x720
Category: ☘️甘肃频道, Name: 甘肃经济, Total: 1, Valid: 1, Valid Percent: 100.00%, Whitelist: 0, IPv4: 1, IPv6: 0, Min Delay: 44 ms, Max Speed: 2.20 M/s, Avg Speed: 2.20 M/s, Max Resolution: None
Category: ☘️甘肃频道, Name: 甘肃都市, Total: 1, Valid: 1, Valid Percent: 100.00%, Whitelist: 0, IPv4: 1, IPv6: 0, Min Delay: 44 ms, Max Speed: 2.20 M/s, Avg Speed: 2.20 M/s, Max Resolution: None
Category: ☘️甘肃频道, Name: 永昌综合, Total: 1, Valid: 0, Valid Percent: 0.00%, Whitelist: 0, IPv4: 1, IPv6: 0, Min Delay: -1 ms, Max Speed: 0.00 M/s, Avg Speed: 0.00 M/s, Max Resolution: 1280x720
Category: ☘️新疆频道, Name: 兵团五师双河新闻综合, Total: 4, Valid: 4, Valid Percent: 100.00%, Whitelist: 0, IPv4: 4, IPv6: 0, Min Delay: 4133 ms, Max Speed: 0.17 M/s, Avg Speed: 0.16 M/s, Max Resolution: 720x576
Category: ☘️新疆频道, Name: 奎屯哈萨克语, Total: 1, Valid: 1, Valid Percent: 100.00%, Whitelist: 0, IPv4: 1, IPv6: 0, Min Delay: 5652 ms, Max Speed: 0.25 M/s, Avg Speed: 0.25 M/s, Max Resolution: 0x0
Category: ☘️新疆频道, Name: 玛纳斯综合, Total: 2, Valid: 2, Valid Percent: 100.00%, Whitelist: 0, IPv4: 2, IPv6: 0, Min Delay: 5112 ms, Max Speed: 0.25 M/s, Avg Speed: 0.25 M/s, Max Resolution: 1920x1080
Category: ☘️新疆频道, Name: 新疆卫视, Total: 15, Valid: 15, Valid Percent: 100.00%, Whitelist: 0, IPv4: 15, IPv6: 0, Min Delay: 206 ms, Max Speed: 7.77 M/s, Avg Speed: 3.43 M/s, Max Resolution: 1920x1080
Category: ☘️新疆频道, Name: 奎屯汉语综合, Total: 2, Valid: 2, Valid Percent: 100.00%, Whitelist: 0, IPv4: 2, IPv6: 0, Min Delay: 5652 ms, Max Speed: 0.25 M/s, Avg Speed: 0.25 M/s, Max Resolution: 0x0
Category: ☘️新疆频道, Name: 巴音郭楞州, Total: 1, Valid: 0, Valid Percent: 0.00%, Whitelist: 0, IPv4: 1, IPv6: 0, Min Delay: -1 ms, Max Speed: 0.00 M/s, Avg Speed: 0.00 M/s, Max Resolution: 1920x1080
Category: ☘️新疆频道, Name: 石河子教育, Total: 2, Valid: 1, Valid Percent: 50.00%, Whitelist: 0, IPv4: 2, IPv6: 0, Min Delay: 5652 ms, Max Speed: 0.25 M/s, Avg Speed: 0.25 M/s, Max Resolution: 1920x1080
Category: ☘️山东频道, Name: 山东教育, Total: 4, Valid: 2, Valid Percent: 50.00%, Whitelist: 2, IPv4: 2, IPv6: 0, Min Delay: 206 ms, Max Speed: 7.77 M/s, Avg Speed: 7.77 M/s, Max Resolution: 1920x1080
Category: ☘️山东频道, Name: 青州综合, Total: 1, Valid: 0, Valid Percent: 0.00%, Whitelist: 0, IPv4: 1, IPv6: 0, Min Delay: -1 ms, Max Speed: 0.00 M/s, Avg Speed: 0.00 M/s, Max Resolution: 720x576
Category: ☘️山东频道, Name: 东营综合, Total: 2, Valid: 0, Valid Percent: 0.00%, Whitelist: 0, IPv4: 2, IPv6: 0, Min Delay: 5004 ms, Max Speed: 0.00 M/s, Avg Speed: 0.00 M/s, Max Resolution: None
Category: ☘️山东频道, Name: 菏泽一套新闻综合, Total: 1, Valid: 1, Valid Percent: 100.00%, Whitelist: 0, IPv4: 1, IPv6: 0, Min Delay: 3454 ms, Max Speed: 0.52 M/s, Avg Speed: 0.52 M/s, Max Resolution: 1280x720
Category: ☘️山东频道, Name: 菏泽三套影视, Total: 1, Valid: 1, Valid Percent: 100.00%, Whitelist: 0, IPv4: 1, IPv6: 0, Min Delay: 3454 ms, Max Speed: 0.52 M/s, Avg Speed: 0.52 M/s, Max Resolution: 1280x720
Category: ☘️山东频道, Name: 菏泽影, Total: 1, Valid: 1, Valid Percent: 100.00%, Whitelist: 0, IPv4: 1, IPv6: 0, Min Delay: 3454 ms, Max Speed: 0.52 M/s, Avg Speed: 0.52 M/s, Max Resolution: 1280x720
Category: ☘️山东频道, Name: 菏泽新闻综合, Total: 3, Valid: 3, Valid Percent: 100.00%, Whitelist: 0, IPv4: 3, IPv6: 0, Min Delay: 3454 ms, Max Speed: 0.52 M/s, Avg Speed: 0.52 M/s, Max Resolution: 1280x720
Category: ☘️山东频道, Name: 菏泽经济生活, Total: 2, Valid: 2, Valid Percent: 100.00%, Whitelist: 0, IPv4: 2, IPv6: 0, Min Delay: 3454 ms, Max Speed: 0.52 M/s, Avg Speed: 0.52 M/s, Max Resolution: 1280x720
Category: ☘️山西频道, Name: 万荣综合, Total: 2, Valid: 2, Valid Percent: 100.00%, Whitelist: 0, IPv4: 2, IPv6: 0, Min Delay: 3431 ms, Max Speed: 0.29 M/s, Avg Speed: 0.29 M/s, Max Resolution: 720x404
Category: ☘️山西频道, Name: 大宁综合, Total: 3, Valid: 3, Valid Percent: 100.00%, Whitelist: 0, IPv4: 3, IPv6: 0, Min Delay: 689 ms, Max Speed: 0.04 M/s, Avg Speed: 0.04 M/s, Max Resolution: 10x10
Category: ☘️山西频道, Name: 太谷新闻综合, Total: 3, Valid: 3, Valid Percent: 100.00%, Whitelist: 0, IPv4: 3, IPv6: 0, Min Delay: 864 ms, Max Speed: 1.77 M/s, Avg Speed: 1.77 M/s, Max Resolution: 1920x1080
Category: ☘️山西频道, Name: 定襄综合, Total: 2, Valid: 2, Valid Percent: 100.00%, Whitelist: 0, IPv4: 2, IPv6: 0, Min Delay: 1631 ms, Max Speed: 0.32 M/s, Avg Speed: 0.32 M/s, Max Resolution: 1280x720
Category: ☘️山西频道, Name: 平遥新闻综合, Total: 2, Valid: 2, Valid Percent: 100.00%, Whitelist: 0, IPv4: 2, IPv6: 0, Min Delay: 5875 ms, Max Speed: 0.37 M/s, Avg Speed: 0.37 M/s, Max Resolution: 1920x1080
Category: ☘️山西频道, Name: 怀仁综合, Total: 2, Valid: 2, Valid Percent: 100.00%, Whitelist: 0, IPv4: 2, IPv6: 0, Min Delay: 2331 ms, Max Speed: 0.00 M/s, Avg Speed: 0.00 M/s, Max Resolution: 1280x720
Category: ☘️山西频道, Name: 汾西综合, Total: 2, Valid: 2, Valid Percent: 100.00%, Whitelist: 0, IPv4: 2, IPv6: 0, Min Delay: 2972 ms, Max Speed: 0.40 M/s, Avg Speed: 0.40 M/s, Max Resolution: 1920x1080
Category: ☘️山西频道, Name: 长子综合, Total: 2, Valid: 2, Valid Percent: 100.00%, Whitelist: 0, IPv4: 2, IPv6: 0, Min Delay: 5812 ms, Max Speed: 0.18 M/s, Avg Speed: 0.18 M/s, Max Resolution: None
Category: ☘️山西频道, Name: 闻喜综合, Total: 1, Valid: 1, Valid Percent: 100.00%, Whitelist: 0, IPv4: 1, IPv6: 0, Min Delay: 5812 ms, Max Speed: 0.18 M/s, Avg Speed: 0.18 M/s, Max Resolution: None
Category: ☘️山西频道, Name: 阳曲综合, Total: 2, Valid: 2, Valid Percent: 100.00%, Whitelist: 0, IPv4: 2, IPv6: 0, Min Delay: 2418 ms, Max Speed: 0.51 M/s, Avg Speed: 0.51 M/s, Max Resolution: 1920x1080
Category: ☘️安徽频道, Name: 安徽卫视, Total: 27, Valid: 25, Valid Percent: 92.59%, Whitelist: 0, IPv4: 27, IPv6: 0, Min Delay: 206 ms, Max Speed: 11.35 M/s, Avg Speed: 2.97 M/s, Max Resolution: 1920x1080
Category: ☘️安徽频道, Name: 安徽公共, Total: 2, Valid: 2, Valid Percent: 100.00%, Whitelist: 0, IPv4: 2, IPv6: 0, Min Delay: 509 ms, Max Speed: 0.16 M/s, Avg Speed: 0.16 M/s, Max Resolution: 1920x1080
Category: ☘️安徽频道, Name: 安徽农业科教, Total: 1, Valid: 1, Valid Percent: 100.00%, Whitelist: 0, IPv4: 1, IPv6: 0, Min Delay: 509 ms, Max Speed: 0.16 M/s, Avg Speed: 0.16 M/s, Max Resolution: 1920x1080
Category: ☘️安徽频道, Name: 固镇新闻, Total: 2, Valid: 2, Valid Percent: 100.00%, Whitelist: 0, IPv4: 2, IPv6: 0, Min Delay: 2164 ms, Max Speed: 0.47 M/s, Avg Speed: 0.47 M/s, Max Resolution: 1920x1080
Category: ☘️安徽频道, Name: 黄山新闻综合, Total: 3, Valid: 3, Valid Percent: 100.00%, Whitelist: 0, IPv4: 3, IPv6: 0, Min Delay: 5164 ms, Max Speed: 0.07 M/s, Avg Speed: 0.07 M/s, Max Resolution: 1920x1080
Category: ☘️安徽频道, Name: 黄山公共生活, Total: 1, Valid: 1, Valid Percent: 100.00%, Whitelist: 0, IPv4: 1, IPv6: 0, Min Delay: 5164 ms, Max Speed: 0.07 M/s, Avg Speed: 0.07 M/s, Max Resolution: 1920x1080
Category: ☘️安徽频道, Name: 祁门综合, Total: 1, Valid: 0, Valid Percent: 0.00%, Whitelist: 0, IPv4: 1, IPv6: 0, Min Delay: -1 ms, Max Speed: 0.00 M/s, Avg Speed: 0.00 M/s, Max Resolution: 1920x1080
Category: ☘️安徽频道, Name: 灵璧综合, Total: 3, Valid: 3, Valid Percent: 100.00%, Whitelist: 0, IPv4: 3, IPv6: 0, Min Delay: 5629 ms, Max Speed: 0.12 M/s, Avg Speed: 0.12 M/s, Max Resolution: 640x480
Category: ☘️安徽频道, Name: 涡阳新闻综合, Total: 2, Valid: 2, Valid Percent: 100.00%, Whitelist: 0, IPv4: 2, IPv6: 0, Min Delay: 1857 ms, Max Speed: 0.24 M/s, Avg Speed: 0.24 M/s, Max Resolution: 544x480
Category: ☘️安徽频道, Name: 广德生活, Total: 2, Valid: 2, Valid Percent: 100.00%, Whitelist: 0, IPv4: 2, IPv6: 0, Min Delay: 3752 ms, Max Speed: 0.51 M/s, Avg Speed: 0.51 M/s, Max Resolution: 1920x1080
Category: ☘️安徽频道, Name: 亳州新闻, Total: 2, Valid: 2, Valid Percent: 100.00%, Whitelist: 0, IPv4: 2, IPv6: 0, Min Delay: 96 ms, Max Speed: 5.76 M/s, Avg Speed: 5.76 M/s, Max Resolution: 1920x1080
Category: ☘️吉林频道, Name: 延边卫视, Total: 2, Valid: 2, Valid Percent: 100.00%, Whitelist: 0, IPv4: 2, IPv6: 0, Min Delay: 206 ms, Max Speed: 7.77 M/s, Avg Speed: 7.77 M/s, Max Resolution: 1920x1080
Category: ☘️吉林频道, Name: 延边-2, Total: 4, Valid: 4, Valid Percent: 100.00%, Whitelist: 0, IPv4: 4, IPv6: 0, Min Delay: 1829 ms, Max Speed: 0.16 M/s, Avg Speed: 0.12 M/s, Max Resolution: 720x576
Category: ☘️吉林频道, Name: 长白山电视台, Total: 2, Valid: 2, Valid Percent: 100.00%, Whitelist: 0, IPv4: 2, IPv6: 0, Min Delay: 1896 ms, Max Speed: 0.16 M/s, Avg Speed: 0.16 M/s, Max Resolution: 320x240
Category: ☘️吉林频道, Name: 德惠综合, Total: 4, Valid: 4, Valid Percent: 100.00%, Whitelist: 0, IPv4: 4, IPv6: 0, Min Delay: 1359 ms, Max Speed: 0.20 M/s, Avg Speed: 0.20 M/s, Max Resolution: 720x576
Category: ☘️吉林频道, Name: 九台综合, Total: 4, Valid: 4, Valid Percent: 100.00%, Whitelist: 0, IPv4: 4, IPv6: 0, Min Delay: 2195 ms, Max Speed: 0.20 M/s, Avg Speed: 0.20 M/s, Max Resolution: 720x576
Category: ☘️吉林频道, Name: 靖宇综合, Total: 2, Valid: 2, Valid Percent: 100.00%, Whitelist: 0, IPv4: 2, IPv6: 0, Min Delay: 3315 ms, Max Speed: 0.02 M/s, Avg Speed: 0.02 M/s, Max Resolution: None
Category: ☘️吉林频道, Name: 敦化一套, Total: 2, Valid: 2, Valid Percent: 100.00%, Whitelist: 0, IPv4: 2, IPv6: 0, Min Delay: 1896 ms, Max Speed: 0.16 M/s, Avg Speed: 0.16 M/s, Max Resolution: 320x240
Category: ☘️吉林频道, Name: 龙井综合, Total: 2, Valid: 2, Valid Percent: 100.00%, Whitelist: 0, IPv4: 2, IPv6: 0, Min Delay: 1896 ms, Max Speed: 0.16 M/s, Avg Speed: 0.09 M/s, Max Resolution: 320x240
Category: ☘️吉林频道, Name: 梅河口综合, Total: 2, Valid: 2, Valid Percent: 100.00%, Whitelist: 0, IPv4: 2, IPv6: 0, Min Delay: 5155 ms, Max Speed: 0.02 M/s, Avg Speed: 0.02 M/s, Max Resolution: None
Category: ☘️吉林频道, Name: 桦甸综合, Total: 1, Valid: 1, Valid Percent: 100.00%, Whitelist: 0, IPv4: 1, IPv6: 0, Min Delay: 3315 ms, Max Speed: 0.02 M/s, Avg Speed: 0.02 M/s, Max Resolution: None
Category: ☘️吉林频道, Name: 磐石综合, Total: 1, Valid: 1, Valid Percent: 100.00%, Whitelist: 0, IPv4: 1, IPv6: 0, Min Delay: 5155 ms, Max Speed: 0.02 M/s, Avg Speed: 0.02 M/s, Max Resolution: None
Category: ☘️吉林频道, Name: 舒兰新闻综合, Total: 2, Valid: 2, Valid Percent: 100.00%, Whitelist: 0, IPv4: 2, IPv6: 0, Min Delay: 1896 ms, Max Speed: 0.16 M/s, Avg Speed: 0.16 M/s, Max Resolution: 320x240
Category: ☘️吉林频道, Name: 东丰综合, Total: 1, Valid: 1, Valid Percent: 100.00%, Whitelist: 0, IPv4: 1, IPv6: 0, Min Delay: 5155 ms, Max Speed: 0.02 M/s, Avg Speed: 0.02 M/s, Max Resolution: None
Category: ☘️吉林频道, Name: 双辽综合, Total: 1, Valid: 1, Valid Percent: 100.00%, Whitelist: 0, IPv4: 1, IPv6: 0, Min Delay: 5155 ms, Max Speed: 0.02 M/s, Avg Speed: 0.02 M/s, Max Resolution: None
Category: ☘️吉林频道, Name: 辉南新闻综合, Total: 3, Valid: 3, Valid Percent: 100.00%, Whitelist: 0, IPv4: 3, IPv6: 0, Min Delay: 1829 ms, Max Speed: 0.08 M/s, Avg Speed: 0.08 M/s, Max Resolution: 720x576
Category: ☘️吉林频道, Name: 柳河综合, Total: 1, Valid: 1, Valid Percent: 100.00%, Whitelist: 0, IPv4: 1, IPv6: 0, Min Delay: 5155 ms, Max Speed: 0.02 M/s, Avg Speed: 0.02 M/s, Max Resolution: None
Category: ☘️吉林频道, Name: 通化县综合, Total: 1, Valid: 1, Valid Percent: 100.00%, Whitelist: 0, IPv4: 1, IPv6: 0, Min Delay: 5155 ms, Max Speed: 0.02 M/s, Avg Speed: 0.02 M/s, Max Resolution: None
Category: ☘️吉林频道, Name: 汪清综合, Total: 1, Valid: 1, Valid Percent: 100.00%, Whitelist: 0, IPv4: 1, IPv6: 0, Min Delay: 1829 ms, Max Speed: 0.08 M/s, Avg Speed: 0.08 M/s, Max Resolution: 720x576
Category: ☘️云南频道, Name: 易门综合, Total: 2, Valid: 2, Valid Percent: 100.00%, Whitelist: 0, IPv4: 2, IPv6: 0, Min Delay: 5845 ms, Max Speed: 0.29 M/s, Avg Speed: 0.29 M/s, Max Resolution: 1920x1080
Category: ☘️云南频道, Name: 通海电视台, Total: 1, Valid: 1, Valid Percent: 100.00%, Whitelist: 0, IPv4: 1, IPv6: 0, Min Delay: 5845 ms, Max Speed: 0.29 M/s, Avg Speed: 0.29 M/s, Max Resolution: 1920x1080
Category: ☘️云南频道, Name: 陇川综合, Total: 1, Valid: 1, Valid Percent: 100.00%, Whitelist: 0, IPv4: 1, IPv6: 0, Min Delay: 5845 ms, Max Speed: 0.29 M/s, Avg Speed: 0.29 M/s, Max Resolution: 1920x1080
Category: ☘️云南频道, Name: 云南都市, Total: 1, Valid: 1, Valid Percent: 100.00%, Whitelist: 0, IPv4: 1, IPv6: 0, Min Delay: 1784 ms, Max Speed: 0.06 M/s, Avg Speed: 0.06 M/s, Max Resolution: 1280x720
Category: ☘️云南频道, Name: 云南娱乐, Total: 1, Valid: 1, Valid Percent: 100.00%, Whitelist: 0, IPv4: 1, IPv6: 0, Min Delay: 1784 ms, Max Speed: 0.06 M/s, Avg Speed: 0.06 M/s, Max Resolution: 1280x720
Category: ☘️云南频道, Name: 云南少儿, Total: 2, Valid: 2, Valid Percent: 100.00%, Whitelist: 0, IPv4: 2, IPv6: 0, Min Delay: 5422 ms, Max Speed: 0.95 M/s, Avg Speed: 0.95 M/s, Max Resolution: 1920x1080
Category: ☘️黑龙江频道, Name: 哈尔滨影视, Total: 7, Valid: 7, Valid Percent: 100.00%, Whitelist: 0, IPv4: 7, IPv6: 0, Min Delay: 2239 ms, Max Speed: 0.24 M/s, Avg Speed: 0.17 M/s, Max Resolution: 640x480
Category: ☘️黑龙江频道, Name: 哈尔滨资讯, Total: 1, Valid: 1, Valid Percent: 100.00%, Whitelist: 0, IPv4: 1, IPv6: 0, Min Delay: 5098 ms, Max Speed: 0.12 M/s, Avg Speed: 0.12 M/s, Max Resolution: None
Category: ☘️黑龙江频道, Name: 哈尔滨生活, Total: 1, Valid: 1, Valid Percent: 100.00%, Whitelist: 0, IPv4: 1, IPv6: 0, Min Delay: 5098 ms, Max Speed: 0.12 M/s, Avg Speed: 0.12 M/s, Max Resolution: None
Category: ☘️黑龙江频道, Name: 哈尔滨娱乐, Total: 2, Valid: 2, Valid Percent: 100.00%, Whitelist: 0, IPv4: 2, IPv6: 0, Min Delay: 5098 ms, Max Speed: 0.12 M/s, Avg Speed: 0.12 M/s, Max Resolution: None
Category: ☘️黑龙江频道, Name: 七台河新闻综合, Total: 2, Valid: 2, Valid Percent: 100.00%, Whitelist: 0, IPv4: 2, IPv6: 0, Min Delay: 2145 ms, Max Speed: 0.45 M/s, Avg Speed: 0.45 M/s, Max Resolution: 1280x720
Category: ☘️黑龙江频道, Name: 甘南县综合, Total: 2, Valid: 0, Valid Percent: 0.00%, Whitelist: 0, IPv4: 2, IPv6: 0, Min Delay: 5004 ms, Max Speed: 0.00 M/s, Avg Speed: 0.00 M/s, Max Resolution: None
Category: ☘️黑龙江频道, Name: 哈尔滨都市资讯, Total: 1, Valid: 1, Valid Percent: 100.00%, Whitelist: 0, IPv4: 1, IPv6: 0, Min Delay: 5098 ms, Max Speed: 0.12 M/s, Avg Speed: 0.12 M/s, Max Resolution: None
Category: ☘️黑龙江频道, Name: 双鸭山综合, Total: 1, Valid: 1, Valid Percent: 100.00%, Whitelist: 0, IPv4: 1, IPv6: 0, Min Delay: 2145 ms, Max Speed: 0.45 M/s, Avg Speed: 0.45 M/s, Max Resolution: 1280x720
Category: ☘️黑龙江频道, Name: 七台河民生社教, Total: 1, Valid: 1, Valid Percent: 100.00%, Whitelist: 0, IPv4: 1, IPv6: 0, Min Delay: 2145 ms, Max Speed: 0.45 M/s, Avg Speed: 0.45 M/s, Max Resolution: 1280x720
Category: 🌊港·澳·台, Name: 凤凰中文, Total: 4, Valid: 2, Valid Percent: 50.00%, Whitelist: 0, IPv4: 4, IPv6: 0, Min Delay: 311 ms, Max Speed: 0.29 M/s, Avg Speed: 0.21 M/s, Max Resolution: 1280x720
Category: 🌊港·澳·台, Name: 凤凰资讯, Total: 6, Valid: 4, Valid Percent: 66.67%, Whitelist: 2, IPv4: 4, IPv6: 0, Min Delay: 281 ms, Max Speed: 5.58 M/s, Avg Speed: 1.55 M/s, Max Resolution: 1280x720
Category: 🌊港·澳·台, Name: 凤凰香港, Total: 3, Valid: 3, Valid Percent: 100.00%, Whitelist: 0, IPv4: 3, IPv6: 0, Min Delay: 281 ms, Max Speed: 5.58 M/s, Avg Speed: 1.97 M/s, Max Resolution: 1280x720
Category: 🌊港·澳·台, Name: 凤凰卫视, Total: 2, Valid: 2, Valid Percent: 100.00%, Whitelist: 0, IPv4: 2, IPv6: 0, Min Delay: 206 ms, Max Speed: 7.77 M/s, Avg Speed: 7.77 M/s, Max Resolution: 1920x1080
Category: 香港频道, Name: 翡翠台, Total: 7, Valid: 7, Valid Percent: 100.00%, Whitelist: 0, IPv4: 7, IPv6: 0, Min Delay: 206 ms, Max Speed: 7.77 M/s, Avg Speed: 5.52 M/s, Max Resolution: 1920x1080
Category: 香港频道, Name: 翡翠台4K, Total: 7, Valid: 7, Valid Percent: 100.00%, Whitelist: 0, IPv4: 7, IPv6: 0, Min Delay: 206 ms, Max Speed: 7.77 M/s, Avg Speed: 5.52 M/s, Max Resolution: 1920x1080
Category: 香港频道, Name: 无线新闻台, Total: 5, Valid: 5, Valid Percent: 100.00%, Whitelist: 0, IPv4: 5, IPv6: 0, Min Delay: 507 ms, Max Speed: 7.15 M/s, Avg Speed: 3.33 M/s, Max Resolution: 1280x720
Category: 香港频道, Name: 明珠台, Total: 5, Valid: 5, Valid Percent: 100.00%, Whitelist: 0, IPv4: 5, IPv6: 0, Min Delay: 206 ms, Max Speed: 7.77 M/s, Avg Speed: 6.26 M/s, Max Resolution: 1920x1080
Category: 香港频道, Name: NOW新闻台, Total: 2, Valid: 2, Valid Percent: 100.00%, Whitelist: 0, IPv4: 2, IPv6: 0, Min Delay: 63 ms, Max Speed: 0.17 M/s, Avg Speed: 0.17 M/s, Max Resolution: 1280x720
Category: 香港频道, Name: ROCK Action, Total: 2, Valid: 0, Valid Percent: 0.00%, Whitelist: 0, IPv4: 2, IPv6: 0, Min Delay: 131 ms, Max Speed: 0.00 M/s, Avg Speed: 0.00 M/s, Max Resolution: None
Category: 香港频道, Name: TVB J1, Total: 3, Valid: 0, Valid Percent: 0.00%, Whitelist: 0, IPv4: 3, IPv6: 0, Min Delay: 229 ms, Max Speed: 0.00 M/s, Avg Speed: 0.00 M/s, Max Resolution: None
Category: 香港频道, Name: TVB1, Total: 2, Valid: 0, Valid Percent: 0.00%, Whitelist: 0, IPv4: 2, IPv6: 0, Min Delay: 229 ms, Max Speed: 0.00 M/s, Avg Speed: 0.00 M/s, Max Resolution: None
Category: 香港频道, Name: 娛樂新聞台, Total: 2, Valid: 0, Valid Percent: 0.00%, Whitelist: 0, IPv4: 2, IPv6: 0, Min Delay: 229 ms, Max Speed: 0.00 M/s, Avg Speed: 0.00 M/s, Max Resolution: None
Category: 香港频道, Name: 星河台, Total: 3, Valid: 0, Valid Percent: 0.00%, Whitelist: 0, IPv4: 3, IPv6: 0, Min Delay: 229 ms, Max Speed: 0.00 M/s, Avg Speed: 0.00 M/s, Max Resolution: None
Category: 香港频道, Name: 澳門Macau, Total: 2, Valid: 2, Valid Percent: 100.00%, Whitelist: 0, IPv4: 2, IPv6: 0, Min Delay: 5908 ms, Max Speed: 0.43 M/s, Avg Speed: 0.43 M/s, Max Resolution: 1920x1080
Category: 香港频道, Name: 澳门资讯, Total: 1, Valid: 1, Valid Percent: 100.00%, Whitelist: 0, IPv4: 1, IPv6: 0, Min Delay: 5908 ms, Max Speed: 0.43 M/s, Avg Speed: 0.43 M/s, Max Resolution: 1920x1080
Category: 香港频道, Name: 澳视澳门, Total: 4, Valid: 4, Valid Percent: 100.00%, Whitelist: 0, IPv4: 4, IPv6: 0, Min Delay: 206 ms, Max Speed: 7.77 M/s, Avg Speed: 7.77 M/s, Max Resolution: 1920x1080
Category: 香港频道, Name: 凤凰中文, Total: 3, Valid: 1, Valid Percent: 33.33%, Whitelist: 0, IPv4: 3, IPv6: 0, Min Delay: 460 ms, Max Speed: 0.12 M/s, Avg Speed: 0.12 M/s, Max Resolution: 1280x720
Category: 香港频道, Name: 凤凰资讯, Total: 5, Valid: 3, Valid Percent: 60.00%, Whitelist: 2, IPv4: 3, IPv6: 0, Min Delay: 281 ms, Max Speed: 5.58 M/s, Avg Speed: 1.97 M/s, Max Resolution: 1280x720
Category: 香港频道, Name: 凤凰香港, Total: 3, Valid: 3, Valid Percent: 100.00%, Whitelist: 0, IPv4: 3, IPv6: 0, Min Delay: 281 ms, Max Speed: 5.58 M/s, Avg Speed: 1.97 M/s, Max Resolution: 1280x720
Category: 香港频道, Name: 天映频道, Total: 2, Valid: 1, Valid Percent: 50.00%, Whitelist: 0, IPv4: 2, IPv6: 0, Min Delay: 229 ms, Max Speed: 5.58 M/s, Avg Speed: 5.58 M/s, Max Resolution: 1280x720
Category: 香港频道, Name: 星空卫视, Total: 2, Valid: 2, Valid Percent: 100.00%, Whitelist: 0, IPv4: 2, IPv6: 0, Min Delay: 206 ms, Max Speed: 7.77 M/s, Avg Speed: 7.77 M/s, Max Resolution: 1920x1080
Category: 香港频道, Name: 耀才财经, Total: 3, Valid: 3, Valid Percent: 100.00%, Whitelist: 0, IPv4: 3, IPv6: 0, Min Delay: 3530 ms, Max Speed: 0.28 M/s, Avg Speed: 0.28 M/s, Max Resolution: 1024x576
Category: 香港频道, Name: 有线新闻, Total: 13, Valid: 13, Valid Percent: 100.00%, Whitelist: 0, IPv4: 13, IPv6: 0, Min Delay: 1605 ms, Max Speed: 0.24 M/s, Avg Speed: 0.23 M/s, Max Resolution: 1280x720
Category: 香港频道, Name: 环球电视, Total: 2, Valid: 2, Valid Percent: 100.00%, Whitelist: 0, IPv4: 2, IPv6: 0, Min Delay: 4787 ms, Max Speed: 0.60 M/s, Avg Speed: 0.60 M/s, Max Resolution: 1920x1080
Category: 香港频道, Name: Love Nature, Total: 8, Valid: 8, Valid Percent: 100.00%, Whitelist: 0, IPv4: 8, IPv6: 0, Min Delay: 251 ms, Max Speed: 44.69 M/s, Avg Speed: 20.76 M/s, Max Resolution: 3840x2160
Category: 香港频道, Name: tvN, Total: 2, Valid: 2, Valid Percent: 100.00%, Whitelist: 0, IPv4: 2, IPv6: 0, Min Delay: 3088 ms, Max Speed: 1.29 M/s, Avg Speed: 1.29 M/s, Max Resolution: None
Category: 香港频道, Name: Animax (HK), Total: 2, Valid: 2, Valid Percent: 100.00%, Whitelist: 0, IPv4: 2, IPv6: 0, Min Delay: 254 ms, Max Speed: 15.42 M/s, Avg Speed: 15.42 M/s, Max Resolution: 1920x1080
Category: 香港频道, Name: AXN, Total: 4, Valid: 4, Valid Percent: 100.00%, Whitelist: 0, IPv4: 4, IPv6: 0, Min Delay: 435 ms, Max Speed: 1.04 M/s, Avg Speed: 0.75 M/s, Max Resolution: 1920x1080
Category: 香港频道, Name: 江蘇電視台國際頻道, Total: 1, Valid: 1, Valid Percent: 100.00%, Whitelist: 0, IPv4: 1, IPv6: 0, Min Delay: 2618 ms, Max Speed: 0.59 M/s, Avg Speed: 0.59 M/s, Max Resolution: None
Category: 香港频道, Name: NOW 70s, Total: 4, Valid: 4, Valid Percent: 100.00%, Whitelist: 0, IPv4: 4, IPv6: 0, Min Delay: 556 ms, Max Speed: 5.21 M/s, Avg Speed: 3.44 M/s, Max Resolution: 640x360
Category: 香港频道, Name: TRACE Urban, Total: 1, Valid: 1, Valid Percent: 100.00%, Whitelist: 0, IPv4: 1, IPv6: 0, Min Delay: 435 ms, Max Speed: 0.46 M/s, Avg Speed: 0.46 M/s, Max Resolution: 1920x1080
Category: 香港频道, Name: 纬来育乐, Total: 3, Valid: 2, Valid Percent: 66.67%, Whitelist: 0, IPv4: 3, IPv6: 0, Min Delay: 435 ms, Max Speed: 0.46 M/s, Avg Speed: 0.46 M/s, Max Resolution: 1920x1080
Category: 香港频道, Name: 无线新闻, Total: 4, Valid: 4, Valid Percent: 100.00%, Whitelist: 0, IPv4: 4, IPv6: 0, Min Delay: 507 ms, Max Speed: 7.15 M/s, Avg Speed: 3.03 M/s, Max Resolution: 1280x720
Category: 香港频道, Name: 三立新闻, Total: 1, Valid: 1, Valid Percent: 100.00%, Whitelist: 0, IPv4: 1, IPv6: 0, Min Delay: 281 ms, Max Speed: 5.58 M/s, Avg Speed: 5.58 M/s, Max Resolution: 1280x720
Category: 🎬电影频道, Name: CHC家庭影院, Total: 16, Valid: 12, Valid Percent: 75.00%, Whitelist: 2, IPv4: 14, IPv6: 0, Min Delay: 206 ms, Max Speed: 7.77 M/s, Avg Speed: 4.83 M/s, Max Resolution: 1920x1080
Category: 🎬电影频道, Name: CHC动作电影, Total: 15, Valid: 11, Valid Percent: 73.33%, Whitelist: 2, IPv4: 13, IPv6: 0, Min Delay: 206 ms, Max Speed: 7.77 M/s, Avg Speed: 4.56 M/s, Max Resolution: 1920x1080
Category: 🎬电影频道, Name: CHC高清电影, Total: 12, Valid: 4, Valid Percent: 33.33%, Whitelist: 0, IPv4: 12, IPv6: 0, Min Delay: 5003 ms, Max Speed: 0.16 M/s, Avg Speed: 0.11 M/s, Max Resolution: 1920x1080
Category: 🎬电影频道, Name: 淘剧场, Total: 3, Valid: 3, Valid Percent: 100.00%, Whitelist: 0, IPv4: 3, IPv6: 0, Min Delay: 378 ms, Max Speed: 0.93 M/s, Avg Speed: 0.49 M/s, Max Resolution: 1920x1080
Category: 🎬电影频道, Name: 淘娱乐, Total: 3, Valid: 3, Valid Percent: 100.00%, Whitelist: 0, IPv4: 3, IPv6: 0, Min Delay: 378 ms, Max Speed: 0.93 M/s, Avg Speed: 0.49 M/s, Max Resolution: 1920x1080
Category: 🎬电影频道, Name: 淘电影, Total: 3, Valid: 3, Valid Percent: 100.00%, Whitelist: 0, IPv4: 3, IPv6: 0, Min Delay: 378 ms, Max Speed: 0.93 M/s, Avg Speed: 0.49 M/s, Max Resolution: 1920x1080
Category: 🎬电影频道, Name: 纬来电影, Total: 2, Valid: 2, Valid Percent: 100.00%, Whitelist: 0, IPv4: 2, IPv6: 0, Min Delay: 435 ms, Max Speed: 0.46 M/s, Avg Speed: 0.46 M/s, Max Resolution: 1920x1080
Category: 🎬电影频道, Name: 靖天映画, Total: 1, Valid: 1, Valid Percent: 100.00%, Whitelist: 0, IPv4: 1, IPv6: 0, Min Delay: 435 ms, Max Speed: 0.46 M/s, Avg Speed: 0.46 M/s, Max Resolution: 1920x1080
Category: 🎬电影频道, Name: 靖天戏剧, Total: 1, Valid: 1, Valid Percent: 100.00%, Whitelist: 0, IPv4: 1, IPv6: 0, Min Delay: 435 ms, Max Speed: 0.46 M/s, Avg Speed: 0.46 M/s, Max Resolution: 1920x1080
Category: 🎬电影频道, Name: IPTV经典电影, Total: 1, Valid: 1, Valid Percent: 100.00%, Whitelist: 0, IPv4: 1, IPv6: 0, Min Delay: 439 ms, Max Speed: 0.02 M/s, Avg Speed: 0.02 M/s, Max Resolution: 1920x1080
Category: 🎬电影频道, Name: 星空卫视, Total: 2, Valid: 2, Valid Percent: 100.00%, Whitelist: 0, IPv4: 2, IPv6: 0, Min Delay: 206 ms, Max Speed: 7.77 M/s, Avg Speed: 7.77 M/s, Max Resolution: 1920x1080
Category: 🎬电影频道, Name: 龙祥电影, Total: 2, Valid: 2, Valid Percent: 100.00%, Whitelist: 0, IPv4: 2, IPv6: 0, Min Delay: 435 ms, Max Speed: 0.46 M/s, Avg Speed: 0.46 M/s, Max Resolution: 1920x1080
Category: 🎬电影频道, Name: 东森洋片, Total: 4, Valid: 4, Valid Percent: 100.00%, Whitelist: 0, IPv4: 4, IPv6: 0, Min Delay: 435 ms, Max Speed: 0.46 M/s, Avg Speed: 0.46 M/s, Max Resolution: 1920x1080
Category: 🏀体育频道, Name: CCTV-5, Total: 16, Valid: 13, Valid Percent: 81.25%, Whitelist: 0, IPv4: 16, IPv6: 0, Min Delay: 281 ms, Max Speed: 5.58 M/s, Avg Speed: 0.92 M/s, Max Resolution: 1920x1080
Category: 🏀体育频道, Name: CCTV-5+, Total: 18, Valid: 14, Valid Percent: 77.78%, Whitelist: 0, IPv4: 18, IPv6: 0, Min Delay: 356 ms, Max Speed: 1.34 M/s, Avg Speed: 0.56 M/s, Max Resolution: 1920x1080
Category: 🏀体育频道, Name: 广东体育, Total: 9, Valid: 9, Valid Percent: 100.00%, Whitelist: 0, IPv4: 9, IPv6: 0, Min Delay: 195 ms, Max Speed: 8.96 M/s, Avg Speed: 5.87 M/s, Max Resolution: 1920x1080
Category: 🏀体育频道, Name: 纬来体育, Total: 2, Valid: 2, Valid Percent: 100.00%, Whitelist: 0, IPv4: 2, IPv6: 0, Min Delay: 5291 ms, Max Speed: 0.16 M/s, Avg Speed: 0.16 M/s, Max Resolution: 1920x1080
Category: 🏀体育频道, Name: 五星体育, Total: 1, Valid: 1, Valid Percent: 100.00%, Whitelist: 0, IPv4: 1, IPv6: 0, Min Delay: 475 ms, Max Speed: 4.86 M/s, Avg Speed: 4.86 M/s, Max Resolution: 1280x720
Category: 🏀体育频道, Name: 劲爆体育, Total: 4, Valid: 4, Valid Percent: 100.00%, Whitelist: 0, IPv4: 4, IPv6: 0, Min Delay: 206 ms, Max Speed: 7.77 M/s, Avg Speed: 7.77 M/s, Max Resolution: 1920x1080
Category: 🏀体育频道, Name: 辽宁体育, Total: 1, Valid: 1, Valid Percent: 100.00%, Whitelist: 0, IPv4: 1, IPv6: 0, Min Delay: 5291 ms, Max Speed: 0.16 M/s, Avg Speed: 0.16 M/s, Max Resolution: 1920x1080
Category: 🏀体育频道, Name: 天津体育, Total: 2, Valid: 2, Valid Percent: 100.00%, Whitelist: 0, IPv4: 2, IPv6: 0, Min Delay: 394 ms, Max Speed: 4.35 M/s, Avg Speed: 4.35 M/s, Max Resolution: 1280x720
Category: 🏀体育频道, Name: 睛彩篮球, Total: 2, Valid: 2, Valid Percent: 100.00%, Whitelist: 0, IPv4: 2, IPv6: 0, Min Delay: 378 ms, Max Speed: 0.93 M/s, Avg Speed: 0.62 M/s, Max Resolution: 1920x1080
Category: 🏀体育频道, Name: 睛彩广场舞, Total: 2, Valid: 2, Valid Percent: 100.00%, Whitelist: 0, IPv4: 2, IPv6: 0, Min Delay: 378 ms, Max Speed: 0.93 M/s, Avg Speed: 0.62 M/s, Max Resolution: 1920x1080
Category: 🏀体育频道, Name: 风云足球, Total: 12, Valid: 11, Valid Percent: 91.67%, Whitelist: 0, IPv4: 12, IPv6: 0, Min Delay: 206 ms, Max Speed: 11.35 M/s, Avg Speed: 4.94 M/s, Max Resolution: 1920x1080
Category: 🏀体育频道, Name: 魅力足球, Total: 12, Valid: 11, Valid Percent: 91.67%, Whitelist: 0, IPv4: 12, IPv6: 0, Min Delay: 206 ms, Max Speed: 7.77 M/s, Avg Speed: 4.48 M/s, Max Resolution: 1920x1080
Category: 🏀体育频道, Name: 天元围棋, Total: 12, Valid: 11, Valid Percent: 91.67%, Whitelist: 0, IPv4: 12, IPv6: 0, Min Delay: 195 ms, Max Speed: 8.96 M/s, Avg Speed: 6.11 M/s, Max Resolution: 1920x1080
Category: 🏀体育频道, Name: 快乐垂钓, Total: 21, Valid: 17, Valid Percent: 80.95%, Whitelist: 2, IPv4: 19, IPv6: 0, Min Delay: 206 ms, Max Speed: 7.77 M/s, Avg Speed: 2.23 M/s, Max Resolution: 1920x1080
Category: 🪁动画频道, Name: 卡酷动画, Total: 15, Valid: 14, Valid Percent: 93.33%, Whitelist: 0, IPv4: 15, IPv6: 0, Min Delay: 206 ms, Max Speed: 7.77 M/s, Avg Speed: 2.90 M/s, Max Resolution: 1920x1080
Category: 🪁动画频道, Name: 动漫秀场, Total: 15, Valid: 14, Valid Percent: 93.33%, Whitelist: 0, IPv4: 15, IPv6: 0, Min Delay: 206 ms, Max Speed: 7.77 M/s, Avg Speed: 3.64 M/s, Max Resolution: 1920x1080
Category: 🪁动画频道, Name: 新动漫, Total: 7, Valid: 5, Valid Percent: 71.43%, Whitelist: 2, IPv4: 5, IPv6: 0, Min Delay: 206 ms, Max Speed: 7.77 M/s, Avg Speed: 6.30 M/s, Max Resolution: 1920x1080
Category: 🪁动画频道, Name: 优漫卡通, Total: 9, Valid: 9, Valid Percent: 100.00%, Whitelist: 0, IPv4: 9, IPv6: 0, Min Delay: 206 ms, Max Speed: 8.96 M/s, Avg Speed: 3.80 M/s, Max Resolution: 1920x1080
Category: 🪁动画频道, Name: 嘉佳卡通, Total: 13, Valid: 11, Valid Percent: 84.62%, Whitelist: 2, IPv4: 11, IPv6: 0, Min Delay: 206 ms, Max Speed: 7.77 M/s, Avg Speed: 4.89 M/s, Max Resolution: 1920x1080
Category: 🪁动画频道, Name: 金鹰卡通, Total: 20, Valid: 17, Valid Percent: 85.00%, Whitelist: 0, IPv4: 20, IPv6: 0, Min Delay: 206 ms, Max Speed: 7.77 M/s, Avg Speed: 2.25 M/s, Max Resolution: 1920x1080
Category: 🪁动画频道, Name: 炫动卡通, Total: 6, Valid: 6, Valid Percent: 100.00%, Whitelist: 0, IPv4: 6, IPv6: 0, Min Delay: 206 ms, Max Speed: 7.77 M/s, Avg Speed: 6.72 M/s, Max Resolution: 1920x1080
Category: 🪁动画频道, Name: 火影忍者, Total: 1, Valid: 1, Valid Percent: 100.00%, Whitelist: 0, IPv4: 1, IPv6: 0, Min Delay: 330 ms, Max Speed: 0.28 M/s, Avg Speed: 0.28 M/s, Max Resolution: 1280x720
Category: 🪁动画频道, Name: 海绵宝宝, Total: 1, Valid: 1, Valid Percent: 100.00%, Whitelist: 0, IPv4: 1, IPv6: 0, Min Delay: 330 ms, Max Speed: 0.28 M/s, Avg Speed: 0.28 M/s, Max Resolution: 1280x720
Category: 🪁动画频道, Name: 猫和老鼠, Total: 1, Valid: 1, Valid Percent: 100.00%, Whitelist: 0, IPv4: 1, IPv6: 0, Min Delay: 330 ms, Max Speed: 0.28 M/s, Avg Speed: 0.28 M/s, Max Resolution: 1280x720
Category: 🪁动画频道, Name: 蜡笔小新, Total: 3, Valid: 3, Valid Percent: 100.00%, Whitelist: 0, IPv4: 3, IPv6: 0, Min Delay: 330 ms, Max Speed: 3.54 M/s, Avg Speed: 2.45 M/s, Max Resolution: 1280x720
Category: 🎮游戏频道, Name: 游戏风云, Total: 15, Valid: 14, Valid Percent: 93.33%, Whitelist: 0, IPv4: 15, IPv6: 0, Min Delay: 206 ms, Max Speed: 7.77 M/s, Avg Speed: 3.64 M/s, Max Resolution: 1920x1080
Category: 🎵音乐频道, Name: CCTV-15, Total: 27, Valid: 24, Valid Percent: 88.89%, Whitelist: 0, IPv4: 27, IPv6: 0, Min Delay: 206 ms, Max Speed: 7.77 M/s, Avg Speed: 2.42 M/s, Max Resolution: 1920x1080
Category: 🎵音乐频道, Name: 风云音乐, Total: 12, Valid: 11, Valid Percent: 91.67%, Whitelist: 0, IPv4: 12, IPv6: 0, Min Delay: 206 ms, Max Speed: 8.96 M/s, Avg Speed: 4.62 M/s, Max Resolution: 1920x1080
Category: 🎵音乐频道, Name: 音乐现场, Total: 1, Valid: 1, Valid Percent: 100.00%, Whitelist: 0, IPv4: 1, IPv6: 0, Min Delay: 37 ms, Max Speed: 2.79 M/s, Avg Speed: 2.79 M/s, Max Resolution: None
Category: 🎵音乐频道, Name: 音乐之声, Total: 1, Valid: 1, Valid Percent: 100.00%, Whitelist: 0, IPv4: 1, IPv6: 0, Min Delay: 37 ms, Max Speed: 2.79 M/s, Avg Speed: 2.79 M/s, Max Resolution: None
Category: 🎵音乐频道, Name: 潮流音乐, Total: 2, Valid: 2, Valid Percent: 100.00%, Whitelist: 0, IPv4: 2, IPv6: 0, Min Delay: 527 ms, Max Speed: 0.37 M/s, Avg Speed: 0.37 M/s, Max Resolution: None
Category: 🏛经典剧场, Name: 笑傲江湖, Total: 2, Valid: 2, Valid Percent: 100.00%, Whitelist: 0, IPv4: 2, IPv6: 0, Min Delay: 330 ms, Max Speed: 0.28 M/s, Avg Speed: 0.28 M/s, Max Resolution: 1280x720
Category: 🏛经典剧场, Name: 天龙八部, Total: 2, Valid: 2, Valid Percent: 100.00%, Whitelist: 0, IPv4: 2, IPv6: 0, Min Delay: 330 ms, Max Speed: 0.28 M/s, Avg Speed: 0.28 M/s, Max Resolution: 1280x720
Category: 🏛经典剧场, Name: 鹿鼎记, Total: 1, Valid: 1, Valid Percent: 100.00%, Whitelist: 0, IPv4: 1, IPv6: 0, Min Delay: 330 ms, Max Speed: 0.28 M/s, Avg Speed: 0.28 M/s, Max Resolution: 1280x720
Category: 🏛经典剧场, Name: 西游记, Total: 1, Valid: 1, Valid Percent: 100.00%, Whitelist: 0, IPv4: 1, IPv6: 0, Min Delay: 281 ms, Max Speed: 5.58 M/s, Avg Speed: 5.58 M/s, Max Resolution: 1280x720
Category: 🏛经典剧场, Name: 水浒传, Total: 2, Valid: 2, Valid Percent: 100.00%, Whitelist: 0, IPv4: 2, IPv6: 0, Min Delay: 281 ms, Max Speed: 5.58 M/s, Avg Speed: 2.93 M/s, Max Resolution: 1280x720
Category: 🏛经典剧场, Name: 新白娘子传奇, Total: 1, Valid: 1, Valid Percent: 100.00%, Whitelist: 0, IPv4: 1, IPv6: 0, Min Delay: 330 ms, Max Speed: 0.28 M/s, Avg Speed: 0.28 M/s, Max Resolution: 1280x720
Category: 🏛经典剧场, Name: 封神榜, Total: 3, Valid: 3, Valid Percent: 100.00%, Whitelist: 0, IPv4: 3, IPv6: 0, Min Delay: 330 ms, Max Speed: 0.28 M/s, Avg Speed: 0.28 M/s, Max Resolution: 1280x720
Category: 🏛经典剧场, Name: 闯关东, Total: 1, Valid: 1, Valid Percent: 100.00%, Whitelist: 0, IPv4: 1, IPv6: 0, Min Delay: 281 ms, Max Speed: 5.58 M/s, Avg Speed: 5.58 M/s, Max Resolution: 1280x720
Category: 🏛经典剧场, Name: 射雕英雄传, Total: 1, Valid: 1, Valid Percent: 100.00%, Whitelist: 0, IPv4: 1, IPv6: 0, Min Delay: 330 ms, Max Speed: 0.28 M/s, Avg Speed: 0.28 M/s, Max Resolution: 1280x720
